CredentialsProviderError: Could not load credentials from any providers
    at /home/ubuntu/node_modules/@aws-sdk/credential-provider-node/dist-cjs/index.js:153:15
    at /home/ubuntu/node_modules/@aws-sdk/credential-provider-node/dist-cjs/index.js:80:26
    at process.processTicksAndRejections (node:internal/process/task_queues:103:5)
    at async provider (/home/ubuntu/node_modules/@aws-sdk/credential-provider-node/dist-cjs/index.js:47:13)
    at async /home/ubuntu/node_modules/@smithy/core/dist-cjs/index.js:59:23
    at async /home/ubuntu/node_modules/@aws-sdk/middleware-sdk-s3/dist-cjs/submodules/s3/index.js:89:20
    at async /home/ubuntu/node_modules/@aws-sdk/core/dist-cjs/submodules/client/index.js:125:26
    at async Promise.all (index 0)
    at async Upload.__uploadUsingPut (/home/ubuntu/node_modules/@aws-sdk/lib-storage/dist-cjs/index.js:277:26)
    at async Upload.__doConcurrentUpload (/home/ubuntu/node_modules/@aws-sdk/lib-storage/dist-cjs/index.js:352:24)
CredentialsProviderError: Could not load credentials from any providers
    at /home/ubuntu/node_modules/@aws-sdk/credential-provider-node/dist-cjs/index.js:153:15
    at /home/ubuntu/node_modules/@aws-sdk/credential-provider-node/dist-cjs/index.js:80:26
    at process.processTicksAndRejections (node:internal/process/task_queues:103:5)
    at async provider (/home/ubuntu/node_modules/@aws-sdk/credential-provider-node/dist-cjs/index.js:47:13)
    at async /home/ubuntu/node_modules/@smithy/core/dist-cjs/index.js:59:23
    at async /home/ubuntu/node_modules/@aws-sdk/middleware-sdk-s3/dist-cjs/submodules/s3/index.js:89:20
    at async /home/ubuntu/node_modules/@aws-sdk/core/dist-cjs/submodules/client/index.js:125:26
    at async Promise.all (index 0)
    at async Upload.__uploadUsingPut (/home/ubuntu/node_modules/@aws-sdk/lib-storage/dist-cjs/index.js:277:26)
    at async Upload.__doConcurrentUpload (/home/ubuntu/node_modules/@aws-sdk/lib-storage/dist-cjs/index.js:352:24)
CredentialsProviderError: Could not load credentials from any providers
    at /home/ubuntu/node_modules/@aws-sdk/credential-provider-node/dist-cjs/index.js:153:15
    at /home/ubuntu/node_modules/@aws-sdk/credential-provider-node/dist-cjs/index.js:80:26
    at process.processTicksAndRejections (node:internal/process/task_queues:103:5)
    at async provider (/home/ubuntu/node_modules/@aws-sdk/credential-provider-node/dist-cjs/index.js:47:13)
    at async /home/ubuntu/node_modules/@smithy/core/dist-cjs/index.js:59:23
    at async /home/ubuntu/node_modules/@aws-sdk/middleware-sdk-s3/dist-cjs/submodules/s3/index.js:89:20
    at async /home/ubuntu/node_modules/@aws-sdk/core/dist-cjs/submodules/client/index.js:125:26
    at async Promise.all (index 0)
    at async Upload.__uploadUsingPut (/home/ubuntu/node_modules/@aws-sdk/lib-storage/dist-cjs/index.js:277:26)
    at async Upload.__doConcurrentUpload (/home/ubuntu/node_modules/@aws-sdk/lib-storage/dist-cjs/index.js:352:24)
CredentialsProviderError: Could not load credentials from any providers
    at /home/ubuntu/node_modules/@aws-sdk/credential-provider-node/dist-cjs/index.js:153:15
    at /home/ubuntu/node_modules/@aws-sdk/credential-provider-node/dist-cjs/index.js:80:26
    at process.processTicksAndRejections (node:internal/process/task_queues:103:5)
    at async provider (/home/ubuntu/node_modules/@aws-sdk/credential-provider-node/dist-cjs/index.js:47:13)
    at async /home/ubuntu/node_modules/@smithy/core/dist-cjs/index.js:59:23
    at async /home/ubuntu/node_modules/@aws-sdk/middleware-sdk-s3/dist-cjs/submodules/s3/index.js:89:20
    at async /home/ubuntu/node_modules/@aws-sdk/core/dist-cjs/submodules/client/index.js:125:26
    at async Promise.all (index 0)
    at async Upload.__uploadUsingPut (/home/ubuntu/node_modules/@aws-sdk/lib-storage/dist-cjs/index.js:277:26)
    at async Upload.__doConcurrentUpload (/home/ubuntu/node_modules/@aws-sdk/lib-storage/dist-cjs/index.js:352:24)
CredentialsProviderError: Could not load credentials from any providers
    at /home/ubuntu/node_modules/@aws-sdk/credential-provider-node/dist-cjs/index.js:153:15
    at /home/ubuntu/node_modules/@aws-sdk/credential-provider-node/dist-cjs/index.js:80:26
    at process.processTicksAndRejections (node:internal/process/task_queues:103:5)
    at async provider (/home/ubuntu/node_modules/@aws-sdk/credential-provider-node/dist-cjs/index.js:47:13)
    at async /home/ubuntu/node_modules/@smithy/core/dist-cjs/index.js:59:23
    at async /home/ubuntu/node_modules/@aws-sdk/middleware-sdk-s3/dist-cjs/submodules/s3/index.js:89:20
    at async /home/ubuntu/node_modules/@aws-sdk/core/dist-cjs/submodules/client/index.js:125:26
    at async Promise.all (index 0)
    at async Upload.__uploadUsingPut (/home/ubuntu/node_modules/@aws-sdk/lib-storage/dist-cjs/index.js:277:26)
    at async Upload.__doConcurrentUpload (/home/ubuntu/node_modules/@aws-sdk/lib-storage/dist-cjs/index.js:352:24)
InvalidAccessKeyId: The AWS Access Key Id you provided does not exist in our records.
    at ProtocolLib.getErrorSchemaOrThrowBaseException (/home/ubuntu/node_modules/@aws-sdk/core/dist-cjs/submodules/protocols/index.js:68:67)
    at S3RestXmlProtocol.handleError (/home/ubuntu/node_modules/@aws-sdk/core/dist-cjs/submodules/protocols/index.js:1854:65)
    at S3RestXmlProtocol.deserializeResponse (/home/ubuntu/node_modules/@smithy/core/dist-cjs/submodules/protocols/index.js:356:24)
    at process.processTicksAndRejections (node:internal/process/task_queues:103:5)
    at async /home/ubuntu/node_modules/@smithy/core/dist-cjs/submodules/schema/index.js:23:24
    at async /home/ubuntu/node_modules/@aws-sdk/middleware-sdk-s3/dist-cjs/submodules/s3/index.js:365:20
    at async /home/ubuntu/node_modules/@smithy/core/dist-cjs/submodules/retry/index.js:170:50
    at async /home/ubuntu/node_modules/@aws-sdk/checksums/dist-cjs/submodules/flexible-checksums/index.js:234:24
    at async /home/ubuntu/node_modules/@aws-sdk/middleware-sdk-s3/dist-cjs/submodules/s3/index.js:62:28
    at async /home/ubuntu/node_modules/@aws-sdk/middleware-sdk-s3/dist-cjs/submodules/s3/index.js:89:20
InvalidAccessKeyId: The AWS Access Key Id you provided does not exist in our records.
    at ProtocolLib.getErrorSchemaOrThrowBaseException (/home/ubuntu/node_modules/@aws-sdk/core/dist-cjs/submodules/protocols/index.js:68:67)
    at S3RestXmlProtocol.handleError (/home/ubuntu/node_modules/@aws-sdk/core/dist-cjs/submodules/protocols/index.js:1854:65)
    at S3RestXmlProtocol.deserializeResponse (/home/ubuntu/node_modules/@smithy/core/dist-cjs/submodules/protocols/index.js:356:24)
    at process.processTicksAndRejections (node:internal/process/task_queues:103:5)
    at async /home/ubuntu/node_modules/@smithy/core/dist-cjs/submodules/schema/index.js:23:24
    at async /home/ubuntu/node_modules/@aws-sdk/middleware-sdk-s3/dist-cjs/submodules/s3/index.js:365:20
    at async /home/ubuntu/node_modules/@smithy/core/dist-cjs/submodules/retry/index.js:170:50
    at async /home/ubuntu/node_modules/@aws-sdk/checksums/dist-cjs/submodules/flexible-checksums/index.js:234:24
    at async /home/ubuntu/node_modules/@aws-sdk/middleware-sdk-s3/dist-cjs/submodules/s3/index.js:62:28
    at async /home/ubuntu/node_modules/@aws-sdk/middleware-sdk-s3/dist-cjs/submodules/s3/index.js:89:20
InvalidAccessKeyId: The AWS Access Key Id you provided does not exist in our records.
    at ProtocolLib.getErrorSchemaOrThrowBaseException (/home/ubuntu/node_modules/@aws-sdk/core/dist-cjs/submodules/protocols/index.js:68:67)
    at S3RestXmlProtocol.handleError (/home/ubuntu/node_modules/@aws-sdk/core/dist-cjs/submodules/protocols/index.js:1854:65)
    at S3RestXmlProtocol.deserializeResponse (/home/ubuntu/node_modules/@smithy/core/dist-cjs/submodules/protocols/index.js:356:24)
    at process.processTicksAndRejections (node:internal/process/task_queues:103:5)
    at async /home/ubuntu/node_modules/@smithy/core/dist-cjs/submodules/schema/index.js:23:24
    at async /home/ubuntu/node_modules/@aws-sdk/middleware-sdk-s3/dist-cjs/submodules/s3/index.js:365:20
    at async /home/ubuntu/node_modules/@smithy/core/dist-cjs/submodules/retry/index.js:170:50
    at async /home/ubuntu/node_modules/@aws-sdk/checksums/dist-cjs/submodules/flexible-checksums/index.js:234:24
    at async /home/ubuntu/node_modules/@aws-sdk/middleware-sdk-s3/dist-cjs/submodules/s3/index.js:62:28
    at async /home/ubuntu/node_modules/@aws-sdk/middleware-sdk-s3/dist-cjs/submodules/s3/index.js:89:20
InvalidAccessKeyId: The AWS Access Key Id you provided does not exist in our records.
    at ProtocolLib.getErrorSchemaOrThrowBaseException (/home/ubuntu/node_modules/@aws-sdk/core/dist-cjs/submodules/protocols/index.js:68:67)
    at S3RestXmlProtocol.handleError (/home/ubuntu/node_modules/@aws-sdk/core/dist-cjs/submodules/protocols/index.js:1854:65)
    at S3RestXmlProtocol.deserializeResponse (/home/ubuntu/node_modules/@smithy/core/dist-cjs/submodules/protocols/index.js:356:24)
    at process.processTicksAndRejections (node:internal/process/task_queues:103:5)
    at async /home/ubuntu/node_modules/@smithy/core/dist-cjs/submodules/schema/index.js:23:24
    at async /home/ubuntu/node_modules/@aws-sdk/middleware-sdk-s3/dist-cjs/submodules/s3/index.js:365:20
    at async /home/ubuntu/node_modules/@smithy/core/dist-cjs/submodules/retry/index.js:170:50
    at async /home/ubuntu/node_modules/@aws-sdk/checksums/dist-cjs/submodules/flexible-checksums/index.js:234:24
    at async /home/ubuntu/node_modules/@aws-sdk/middleware-sdk-s3/dist-cjs/submodules/s3/index.js:62:28
    at async /home/ubuntu/node_modules/@aws-sdk/middleware-sdk-s3/dist-cjs/submodules/s3/index.js:89:20
InvalidAccessKeyId: The AWS Access Key Id you provided does not exist in our records.
    at ProtocolLib.getErrorSchemaOrThrowBaseException (/home/ubuntu/node_modules/@aws-sdk/core/dist-cjs/submodules/protocols/index.js:68:67)
    at S3RestXmlProtocol.handleError (/home/ubuntu/node_modules/@aws-sdk/core/dist-cjs/submodules/protocols/index.js:1854:65)
    at S3RestXmlProtocol.deserializeResponse (/home/ubuntu/node_modules/@smithy/core/dist-cjs/submodules/protocols/index.js:356:24)
    at process.processTicksAndRejections (node:internal/process/task_queues:103:5)
    at async /home/ubuntu/node_modules/@smithy/core/dist-cjs/submodules/schema/index.js:23:24
    at async /home/ubuntu/node_modules/@aws-sdk/middleware-sdk-s3/dist-cjs/submodules/s3/index.js:365:20
    at async /home/ubuntu/node_modules/@smithy/core/dist-cjs/submodules/retry/index.js:170:50
    at async /home/ubuntu/node_modules/@aws-sdk/checksums/dist-cjs/submodules/flexible-checksums/index.js:234:24
    at async /home/ubuntu/node_modules/@aws-sdk/middleware-sdk-s3/dist-cjs/submodules/s3/index.js:62:28
    at async /home/ubuntu/node_modules/@aws-sdk/middleware-sdk-s3/dist-cjs/submodules/s3/index.js:89:20
InvalidAccessKeyId: The AWS Access Key Id you provided does not exist in our records.
    at ProtocolLib.getErrorSchemaOrThrowBaseException (/home/ubuntu/node_modules/@aws-sdk/core/dist-cjs/submodules/protocols/index.js:68:67)
    at S3RestXmlProtocol.handleError (/home/ubuntu/node_modules/@aws-sdk/core/dist-cjs/submodules/protocols/index.js:1854:65)
    at S3RestXmlProtocol.deserializeResponse (/home/ubuntu/node_modules/@smithy/core/dist-cjs/submodules/protocols/index.js:356:24)
    at process.processTicksAndRejections (node:internal/process/task_queues:103:5)
    at async /home/ubuntu/node_modules/@smithy/core/dist-cjs/submodules/schema/index.js:23:24
    at async /home/ubuntu/node_modules/@aws-sdk/middleware-sdk-s3/dist-cjs/submodules/s3/index.js:365:20
    at async /home/ubuntu/node_modules/@smithy/core/dist-cjs/submodules/retry/index.js:170:50
    at async /home/ubuntu/node_modules/@aws-sdk/checksums/dist-cjs/submodules/flexible-checksums/index.js:234:24
    at async /home/ubuntu/node_modules/@aws-sdk/middleware-sdk-s3/dist-cjs/submodules/s3/index.js:62:28
    at async /home/ubuntu/node_modules/@aws-sdk/middleware-sdk-s3/dist-cjs/submodules/s3/index.js:89:20
