2026-07-12T10:33:34: PM2 log: ===============================================================================
2026-07-12T10:33:34: PM2 log: --- New PM2 Daemon started ----------------------------------------------------
2026-07-12T10:33:34: PM2 log: Time                 : Sun Jul 12 2026 10:33:34 GMT+0000 (Coordinated Universal Time)
2026-07-12T10:33:34: PM2 log: PM2 version          : 7.0.3
2026-07-12T10:33:34: PM2 log: Node.js version      : 22.22.1
2026-07-12T10:33:34: PM2 log: Current arch         : x64
2026-07-12T10:33:34: PM2 log: PM2 home             : /home/ubuntu/.pm2
2026-07-12T10:33:34: PM2 log: PM2 PID file         : /home/ubuntu/.pm2/pm2.pid
2026-07-12T10:33:34: PM2 log: RPC socket file      : /home/ubuntu/.pm2/rpc.sock
2026-07-12T10:33:34: PM2 log: BUS socket file      : /home/ubuntu/.pm2/pub.sock
2026-07-12T10:33:34: PM2 log: Application log path : /home/ubuntu/.pm2/logs
2026-07-12T10:33:34: PM2 log: Worker Interval      : 30000
2026-07-12T10:33:34: PM2 log: Process dump file    : /home/ubuntu/.pm2/dump.pm2
2026-07-12T10:33:34: PM2 log: Concurrent actions   : 2
2026-07-12T10:33:34: PM2 log: SIGTERM timeout      : 1600
2026-07-12T10:33:34: PM2 log: Runtime Binary       : /usr/bin/node
2026-07-12T10:33:34: PM2 log: ===============================================================================
2026-07-12T10:33:34: PM2 log: App [admin-dashboard:0] starting in -fork mode-
2026-07-12T10:33:34: PM2 log: App [admin-dashboard:0] online
2026-07-12T11:19:30: PM2 log: Stopping app:admin-dashboard id:0
2026-07-12T11:19:30: PM2 log: App [admin-dashboard:0] exited with code [0] via signal [SIGINT]
2026-07-12T11:19:30: PM2 log: pid=27676 msg=process tree killed (1 pids)
2026-07-12T11:19:30: PM2 log: App [admin-dashboard:0] starting in -fork mode-
2026-07-12T11:19:30: PM2 log: App [admin-dashboard:0] online
2026-07-12T11:58:29: PM2 log: Stopping app:admin-dashboard id:0
2026-07-12T11:58:29: PM2 log: App [admin-dashboard:0] exited with code [0] via signal [SIGINT]
2026-07-12T11:58:29: PM2 log: pid=28840 msg=process tree killed (1 pids)
2026-07-12T11:58:29: PM2 log: App [admin-dashboard:0] starting in -fork mode-
2026-07-12T11:58:29: PM2 log: App [admin-dashboard:0] online
2026-07-12T12:03:06: PM2 log: Stopping app:admin-dashboard id:0
2026-07-12T12:03:06: PM2 log: App [admin-dashboard:0] exited with code [0] via signal [SIGINT]
2026-07-12T12:03:06: PM2 log: pid=29811 msg=process tree killed (1 pids)
2026-07-12T12:03:07: PM2 log: App [admin-dashboard:0] starting in -fork mode-
2026-07-12T12:03:07: PM2 log: App [admin-dashboard:0] online
2026-07-12T12:05:51: PM2 log: Stopping app:admin-dashboard id:0
2026-07-12T12:05:51: PM2 log: App [admin-dashboard:0] exited with code [0] via signal [SIGINT]
2026-07-12T12:05:51: PM2 log: pid=29888 msg=process tree killed (1 pids)
2026-07-12T12:05:51: PM2 log: App [admin-dashboard:0] starting in -fork mode-
2026-07-12T12:05:51: PM2 log: App [admin-dashboard:0] online
2026-07-12T12:41:06: PM2 log: Stopping app:admin-dashboard id:0
2026-07-12T12:41:06: PM2 log: App [admin-dashboard:0] exited with code [0] via signal [SIGINT]
2026-07-12T12:41:06: PM2 log: pid=29969 msg=process tree killed (1 pids)
2026-07-12T12:41:06: PM2 log: PM2 successfully stopped
2026-07-12T12:41:07: PM2 log: ===============================================================================
2026-07-12T12:41:07: PM2 log: --- New PM2 Daemon started ----------------------------------------------------
2026-07-12T12:41:07: PM2 log: Time                 : Sun Jul 12 2026 12:41:07 GMT+0000 (Coordinated Universal Time)
2026-07-12T12:41:07: PM2 log: PM2 version          : 7.0.3
2026-07-12T12:41:07: PM2 log: Node.js version      : 22.22.1
2026-07-12T12:41:07: PM2 log: Current arch         : x64
2026-07-12T12:41:07: PM2 log: PM2 home             : /home/ubuntu/.pm2
2026-07-12T12:41:07: PM2 log: PM2 PID file         : /home/ubuntu/.pm2/pm2.pid
2026-07-12T12:41:07: PM2 log: RPC socket file      : /home/ubuntu/.pm2/rpc.sock
2026-07-12T12:41:07: PM2 log: BUS socket file      : /home/ubuntu/.pm2/pub.sock
2026-07-12T12:41:07: PM2 log: Application log path : /home/ubuntu/.pm2/logs
2026-07-12T12:41:07: PM2 log: Worker Interval      : 30000
2026-07-12T12:41:07: PM2 log: Process dump file    : /home/ubuntu/.pm2/dump.pm2
2026-07-12T12:41:07: PM2 log: Concurrent actions   : 2
2026-07-12T12:41:07: PM2 log: SIGTERM timeout      : 1600
2026-07-12T12:41:07: PM2 log: Runtime Binary       : /usr/bin/node
2026-07-12T12:41:07: PM2 log: ===============================================================================
2026-07-12T12:41:07: PM2 log: App [admin-dashboard:0] starting in -fork mode-
2026-07-12T12:41:07: PM2 log: App [admin-dashboard:0] online
