0 verbose cli /usr/bin/node /usr/bin/npm
1 info using npm@9.2.0
2 info using node@v22.22.1
3 timing npm:load:whichnode Completed in 1ms
4 timing config:load:defaults Completed in 2ms
5 timing config:load:file:/usr/share/nodejs/npm/npmrc Completed in 18ms
6 timing config:load:builtin Completed in 18ms
7 timing config:load:cli Completed in 2ms
8 timing config:load:env Completed in 1ms
9 timing config:load:project Completed in 2ms
10 timing config:load:file:/home/ubuntu/.npmrc Completed in 0ms
11 timing config:load:user Completed in 1ms
12 timing config:load:file:/etc/npmrc Completed in 0ms
13 timing config:load:global Completed in 0ms
14 timing config:load:setEnvs Completed in 1ms
15 timing config:load Completed in 27ms
16 timing npm:load:configload Completed in 27ms
17 timing npm:load:mkdirpcache Completed in 0ms
18 timing npm:load:mkdirplogs Completed in 1ms
19 verbose title npm install express
20 verbose argv "install" "express"
21 timing npm:load:setTitle Completed in 1ms
22 timing config:load:flatten Completed in 3ms
23 timing npm:load:display Completed in 3ms
24 verbose logfile logs-max:10 dir:/home/ubuntu/.npm/_logs/2026-07-12T10_13_59_679Z-
25 verbose logfile /home/ubuntu/.npm/_logs/2026-07-12T10_13_59_679Z-debug-0.log
26 timing npm:load:logFile Completed in 11ms
27 timing npm:load:timers Completed in 0ms
28 timing npm:load:configScope Completed in 0ms
29 timing npm:load Completed in 44ms
30 timing config:load:flatten Completed in 0ms
31 timing arborist:ctor Completed in 0ms
32 silly logfile done cleaning log files
33 timing arborist:ctor Completed in 0ms
34 timing idealTree:init Completed in 15ms
35 timing idealTree:userRequests Completed in 4ms
36 silly idealTree buildDeps
37 silly fetch manifest express@*
38 http fetch GET 200 https://registry.npmjs.org/express 111ms (cache miss)
39 silly placeDep ROOT express@5.2.1 OK for: ubuntu@1.0.0 want: *
40 silly fetch manifest qs@^6.14.0
41 silly fetch manifest depd@^2.0.0
42 silly fetch manifest etag@^1.8.1
43 silly fetch manifest once@^1.4.0
44 silly fetch manifest send@^1.1.0
45 silly fetch manifest vary@^1.1.2
46 silly fetch manifest debug@^4.4.0
47 silly fetch manifest fresh@^2.0.0
48 silly fetch manifest cookie@^0.7.1
49 silly fetch manifest router@^2.2.0
50 silly fetch manifest accepts@^2.0.0
51 silly fetch manifest type-is@^2.0.1
52 silly fetch manifest parseurl@^1.3.3
53 silly fetch manifest statuses@^2.0.1
54 silly fetch manifest encodeurl@^2.0.0
55 silly fetch manifest mime-types@^3.0.0
56 silly fetch manifest proxy-addr@^2.0.7
57 silly fetch manifest body-parser@^2.2.1
58 silly fetch manifest escape-html@^1.0.3
59 silly fetch manifest http-errors@^2.0.0
60 silly fetch manifest on-finished@^2.4.1
61 silly fetch manifest content-type@^1.0.5
62 silly fetch manifest finalhandler@^2.1.0
63 silly fetch manifest range-parser@^1.2.1
64 silly fetch manifest serve-static@^2.2.0
65 silly fetch manifest cookie-signature@^1.2.1
66 silly fetch manifest merge-descriptors@^2.0.0
67 silly fetch manifest content-disposition@^1.0.0
68 http fetch GET 200 https://registry.npmjs.org/qs 109ms (cache miss)
69 http fetch GET 200 https://registry.npmjs.org/mime-types 162ms (cache miss)
70 http fetch GET 200 https://registry.npmjs.org/etag 217ms (cache miss)
71 http fetch GET 200 https://registry.npmjs.org/once 217ms (cache miss)
72 http fetch GET 200 https://registry.npmjs.org/encodeurl 212ms (cache miss)
73 http fetch GET 200 https://registry.npmjs.org/vary 220ms (cache miss)
74 http fetch GET 200 https://registry.npmjs.org/parseurl 218ms (cache miss)
75 http fetch GET 200 https://registry.npmjs.org/escape-html 217ms (cache miss)
76 http fetch GET 200 https://registry.npmjs.org/fresh 223ms (cache miss)
77 http fetch GET 200 https://registry.npmjs.org/depd 229ms (cache miss)
78 http fetch GET 200 https://registry.npmjs.org/content-type 236ms (cache miss)
79 http fetch GET 200 https://registry.npmjs.org/proxy-addr 239ms (cache miss)
80 http fetch GET 200 https://registry.npmjs.org/on-finished 239ms (cache miss)
81 http fetch GET 200 https://registry.npmjs.org/merge-descriptors 245ms (cache miss)
82 http fetch GET 200 https://registry.npmjs.org/content-disposition 248ms (cache miss)
83 http fetch GET 200 https://registry.npmjs.org/statuses 256ms (cache miss)
84 http fetch GET 200 https://registry.npmjs.org/cookie-signature 259ms (cache miss)
85 http fetch GET 200 https://registry.npmjs.org/range-parser 261ms (cache miss)
86 http fetch GET 200 https://registry.npmjs.org/type-is 272ms (cache miss)
87 http fetch GET 200 https://registry.npmjs.org/accepts 274ms (cache miss)
88 http fetch GET 200 https://registry.npmjs.org/cookie 287ms (cache miss)
89 http fetch GET 200 https://registry.npmjs.org/finalhandler 284ms (cache miss)
90 http fetch GET 200 https://registry.npmjs.org/http-errors 286ms (cache miss)
91 http fetch GET 200 https://registry.npmjs.org/send 329ms (cache miss)
92 http fetch GET 200 https://registry.npmjs.org/router 326ms (cache miss)
93 http fetch GET 200 https://registry.npmjs.org/serve-static 323ms (cache miss)
94 http fetch GET 200 https://registry.npmjs.org/debug 330ms (cache miss)
95 http fetch GET 200 https://registry.npmjs.org/body-parser 327ms (cache miss)
96 timing idealTree:#root Completed in 466ms
97 silly placeDep ROOT accepts@2.0.0 OK for: express@5.2.1 want: ^2.0.0
98 silly placeDep ROOT body-parser@2.3.0 OK for: express@5.2.1 want: ^2.2.1
99 silly placeDep ROOT content-disposition@1.1.0 OK for: express@5.2.1 want: ^1.0.0
100 silly placeDep ROOT content-type@1.0.5 OK for: express@5.2.1 want: ^1.0.5
101 silly placeDep ROOT cookie@0.7.2 OK for: express@5.2.1 want: ^0.7.1
102 silly placeDep ROOT cookie-signature@1.2.2 OK for: express@5.2.1 want: ^1.2.1
103 silly placeDep ROOT debug@4.4.3 OK for: express@5.2.1 want: ^4.4.0
104 silly placeDep ROOT depd@2.0.0 OK for: express@5.2.1 want: ^2.0.0
105 silly placeDep ROOT encodeurl@2.0.0 OK for: express@5.2.1 want: ^2.0.0
106 silly placeDep ROOT escape-html@1.0.3 OK for: express@5.2.1 want: ^1.0.3
107 silly placeDep ROOT etag@1.8.1 OK for: express@5.2.1 want: ^1.8.1
108 silly placeDep ROOT finalhandler@2.1.1 OK for: express@5.2.1 want: ^2.1.0
109 silly placeDep ROOT fresh@2.0.0 OK for: express@5.2.1 want: ^2.0.0
110 silly placeDep ROOT http-errors@2.0.1 OK for: express@5.2.1 want: ^2.0.0
111 silly placeDep ROOT merge-descriptors@2.0.0 OK for: express@5.2.1 want: ^2.0.0
112 silly placeDep ROOT mime-types@3.0.2 OK for: express@5.2.1 want: ^3.0.0
113 silly placeDep ROOT on-finished@2.4.1 OK for: express@5.2.1 want: ^2.4.1
114 silly placeDep ROOT once@1.4.0 OK for: express@5.2.1 want: ^1.4.0
115 silly placeDep ROOT parseurl@1.3.3 OK for: express@5.2.1 want: ^1.3.3
116 silly placeDep ROOT proxy-addr@2.0.7 OK for: express@5.2.1 want: ^2.0.7
117 silly placeDep ROOT qs@6.15.3 OK for: express@5.2.1 want: ^6.14.0
118 silly placeDep ROOT range-parser@1.3.0 OK for: express@5.2.1 want: ^1.2.1
119 silly placeDep ROOT router@2.2.0 OK for: express@5.2.1 want: ^2.2.0
120 silly placeDep ROOT send@1.2.1 OK for: express@5.2.1 want: ^1.1.0
121 silly placeDep ROOT serve-static@2.2.1 OK for: express@5.2.1 want: ^2.2.0
122 silly placeDep ROOT statuses@2.0.2 OK for: express@5.2.1 want: ^2.0.1
123 silly placeDep ROOT type-is@2.1.0 OK for: express@5.2.1 want: ^2.0.1
124 silly placeDep ROOT vary@1.1.2 OK for: express@5.2.1 want: ^1.1.2
125 silly fetch manifest negotiator@^1.0.0
126 silly fetch manifest bytes@^3.1.2
127 silly fetch manifest raw-body@^3.0.2
128 silly fetch manifest iconv-lite@^0.7.2
129 silly fetch manifest content-type@^2.0.0
130 silly fetch manifest ms@^2.1.3
131 silly fetch manifest inherits@~2.0.4
132 silly fetch manifest setprototypeof@~1.2.0
133 silly fetch manifest toidentifier@~1.0.1
134 silly fetch manifest mime-db@^1.54.0
135 silly fetch manifest ee-first@1.1.1
136 silly fetch manifest wrappy@1
137 silly fetch manifest forwarded@0.2.0
138 silly fetch manifest ipaddr.js@1.9.1
139 silly fetch manifest side-channel@^1.1.1
140 silly fetch manifest es-define-property@^1.0.1
141 silly fetch manifest is-promise@^4.0.0
142 silly fetch manifest path-to-regexp@^8.0.0
143 silly fetch manifest media-typer@^1.1.0
144 http fetch GET 200 https://registry.npmjs.org/wrappy 70ms (cache miss)
145 http fetch GET 200 https://registry.npmjs.org/setprototypeof 76ms (cache miss)
146 http fetch GET 200 https://registry.npmjs.org/inherits 76ms (cache miss)
147 http fetch GET 200 https://registry.npmjs.org/toidentifier 75ms (cache miss)
148 http fetch GET 200 https://registry.npmjs.org/forwarded 75ms (cache miss)
149 http fetch GET 200 https://registry.npmjs.org/es-define-property 74ms (cache miss)
150 http fetch GET 200 https://registry.npmjs.org/ee-first 76ms (cache miss)
151 http fetch GET 200 https://registry.npmjs.org/negotiator 84ms (cache miss)
152 http fetch GET 200 https://registry.npmjs.org/bytes 85ms (cache miss)
153 http fetch GET 200 https://registry.npmjs.org/side-channel 79ms (cache miss)
154 http fetch GET 200 https://registry.npmjs.org/is-promise 79ms (cache miss)
155 http fetch GET 200 https://registry.npmjs.org/media-typer 78ms (cache miss)
156 http fetch GET 200 https://registry.npmjs.org/ms 85ms (cache miss)
157 http fetch GET 200 https://registry.npmjs.org/ipaddr.js 82ms (cache miss)
158 http fetch GET 200 https://registry.npmjs.org/iconv-lite 89ms (cache miss)
159 http fetch GET 200 https://registry.npmjs.org/raw-body 90ms (cache miss)
160 http fetch GET 200 https://registry.npmjs.org/path-to-regexp 85ms (cache miss)
161 http fetch GET 200 https://registry.npmjs.org/mime-db 91ms (cache miss)
162 timing idealTree:node_modules/express Completed in 157ms
163 silly placeDep ROOT negotiator@1.0.0 OK for: accepts@2.0.0 want: ^1.0.0
164 timing idealTree:node_modules/accepts Completed in 2ms
165 silly placeDep ROOT bytes@3.1.2 OK for: body-parser@2.3.0 want: ^3.1.2
166 silly placeDep node_modules/body-parser content-type@2.0.0 OK for: body-parser@2.3.0 want: ^2.0.0
167 silly placeDep ROOT iconv-lite@0.7.3 OK for: body-parser@2.3.0 want: ^0.7.2
168 silly placeDep ROOT raw-body@3.0.2 OK for: body-parser@2.3.0 want: ^3.0.2
169 silly fetch manifest safer-buffer@>= 2.1.2 < 3.0.0
170 silly fetch manifest unpipe@~1.0.0
171 http fetch GET 200 https://registry.npmjs.org/safer-buffer 18ms (cache miss)
172 http fetch GET 200 https://registry.npmjs.org/unpipe 18ms (cache miss)
173 timing idealTree:node_modules/body-parser Completed in 31ms
174 timing idealTree:node_modules/bytes Completed in 0ms
175 timing idealTree:node_modules/content-disposition Completed in 0ms
176 timing idealTree:node_modules/content-type Completed in 0ms
177 timing idealTree:node_modules/cookie Completed in 0ms
178 timing idealTree:node_modules/cookie-signature Completed in 0ms
179 silly placeDep ROOT ms@2.1.3 OK for: debug@4.4.3 want: ^2.1.3
180 timing idealTree:node_modules/debug Completed in 3ms
181 timing idealTree:node_modules/depd Completed in 0ms
182 timing idealTree:node_modules/encodeurl Completed in 0ms
183 timing idealTree:node_modules/escape-html Completed in 0ms
184 timing idealTree:node_modules/etag Completed in 0ms
185 timing idealTree:node_modules/finalhandler Completed in 0ms
186 timing idealTree:node_modules/fresh Completed in 0ms
187 silly placeDep ROOT inherits@2.0.4 OK for: http-errors@2.0.1 want: ~2.0.4
188 silly placeDep ROOT setprototypeof@1.2.0 OK for: http-errors@2.0.1 want: ~1.2.0
189 silly placeDep ROOT toidentifier@1.0.1 OK for: http-errors@2.0.1 want: ~1.0.1
190 timing idealTree:node_modules/http-errors Completed in 5ms
191 silly placeDep ROOT safer-buffer@2.1.2 OK for: iconv-lite@0.7.3 want: >= 2.1.2 < 3.0.0
192 timing idealTree:node_modules/iconv-lite Completed in 3ms
193 timing idealTree:node_modules/inherits Completed in 0ms
194 timing idealTree:node_modules/merge-descriptors Completed in 0ms
195 silly placeDep ROOT mime-db@1.54.0 OK for: mime-types@3.0.2 want: ^1.54.0
196 timing idealTree:node_modules/mime-types Completed in 2ms
197 timing idealTree:node_modules/mime-db Completed in 0ms
198 timing idealTree:node_modules/ms Completed in 0ms
199 timing idealTree:node_modules/negotiator Completed in 0ms
200 silly placeDep ROOT ee-first@1.1.1 OK for: on-finished@2.4.1 want: 1.1.1
201 timing idealTree:node_modules/on-finished Completed in 2ms
202 timing idealTree:node_modules/ee-first Completed in 0ms
203 silly placeDep ROOT wrappy@1.0.2 OK for: once@1.4.0 want: 1
204 timing idealTree:node_modules/once Completed in 2ms
205 timing idealTree:node_modules/parseurl Completed in 0ms
206 silly placeDep ROOT forwarded@0.2.0 OK for: proxy-addr@2.0.7 want: 0.2.0
207 silly placeDep ROOT ipaddr.js@1.9.1 OK for: proxy-addr@2.0.7 want: 1.9.1
208 timing idealTree:node_modules/proxy-addr Completed in 3ms
209 timing idealTree:node_modules/forwarded Completed in 0ms
210 timing idealTree:node_modules/ipaddr.js Completed in 0ms
211 silly placeDep ROOT es-define-property@1.0.1 OK for: qs@6.15.3 want: ^1.0.1
212 silly placeDep ROOT side-channel@1.1.1 OK for: qs@6.15.3 want: ^1.1.1
213 silly fetch manifest es-errors@^1.3.0
214 silly fetch manifest object-inspect@^1.13.4
215 silly fetch manifest side-channel-list@^1.0.1
216 silly fetch manifest side-channel-map@^1.0.1
217 silly fetch manifest side-channel-weakmap@^1.0.2
218 http fetch GET 200 https://registry.npmjs.org/es-errors 29ms (cache miss)
219 http fetch GET 200 https://registry.npmjs.org/object-inspect 29ms (cache miss)
220 http fetch GET 200 https://registry.npmjs.org/side-channel-list 29ms (cache miss)
221 http fetch GET 200 https://registry.npmjs.org/side-channel-weakmap 29ms (cache miss)
222 http fetch GET 200 https://registry.npmjs.org/side-channel-map 31ms (cache miss)
223 timing idealTree:node_modules/qs Completed in 34ms
224 timing idealTree:node_modules/es-define-property Completed in 0ms
225 timing idealTree:node_modules/range-parser Completed in 0ms
226 silly placeDep ROOT unpipe@1.0.0 OK for: raw-body@3.0.2 want: ~1.0.0
227 timing idealTree:node_modules/raw-body Completed in 2ms
228 silly placeDep ROOT is-promise@4.0.0 OK for: router@2.2.0 want: ^4.0.0
229 silly placeDep ROOT path-to-regexp@8.4.2 OK for: router@2.2.0 want: ^8.0.0
230 timing idealTree:node_modules/router Completed in 2ms
231 timing idealTree:node_modules/is-promise Completed in 0ms
232 timing idealTree:node_modules/path-to-regexp Completed in 0ms
233 timing idealTree:node_modules/safer-buffer Completed in 0ms
234 timing idealTree:node_modules/send Completed in 0ms
235 timing idealTree:node_modules/serve-static Completed in 1ms
236 timing idealTree:node_modules/setprototypeof Completed in 0ms
237 silly placeDep ROOT es-errors@1.3.0 OK for: side-channel@1.1.1 want: ^1.3.0
238 silly placeDep ROOT object-inspect@1.13.4 OK for: side-channel@1.1.1 want: ^1.13.4
239 silly placeDep ROOT side-channel-list@1.0.1 OK for: side-channel@1.1.1 want: ^1.0.1
240 silly placeDep ROOT side-channel-map@1.0.1 OK for: side-channel@1.1.1 want: ^1.0.1
241 silly placeDep ROOT side-channel-weakmap@1.0.2 OK for: side-channel@1.1.1 want: ^1.0.2
242 silly fetch manifest call-bound@^1.0.2
243 silly fetch manifest get-intrinsic@^1.2.5
244 http fetch GET 200 https://registry.npmjs.org/get-intrinsic 25ms (cache miss)
245 http fetch GET 200 https://registry.npmjs.org/call-bound 27ms (cache miss)
246 timing idealTree:node_modules/side-channel Completed in 35ms
247 timing idealTree:node_modules/es-errors Completed in 0ms
248 timing idealTree:node_modules/object-inspect Completed in 0ms
249 timing idealTree:node_modules/side-channel-list Completed in 0ms
250 silly placeDep ROOT call-bound@1.0.4 OK for: side-channel-map@1.0.1 want: ^1.0.2
251 silly placeDep ROOT get-intrinsic@1.3.0 OK for: side-channel-map@1.0.1 want: ^1.2.5
252 silly fetch manifest call-bind-apply-helpers@^1.0.2
253 silly fetch manifest gopd@^1.2.0
254 silly fetch manifest hasown@^2.0.2
255 silly fetch manifest get-proto@^1.0.1
256 silly fetch manifest has-symbols@^1.1.0
257 silly fetch manifest function-bind@^1.1.2
258 silly fetch manifest es-object-atoms@^1.1.1
259 silly fetch manifest math-intrinsics@^1.1.0
260 http fetch GET 200 https://registry.npmjs.org/get-proto 37ms (cache miss)
261 http fetch GET 200 https://registry.npmjs.org/es-object-atoms 38ms (cache miss)
262 http fetch GET 200 https://registry.npmjs.org/hasown 40ms (cache miss)
263 http fetch GET 200 https://registry.npmjs.org/gopd 41ms (cache miss)
264 http fetch GET 200 https://registry.npmjs.org/math-intrinsics 41ms (cache miss)
265 http fetch GET 200 https://registry.npmjs.org/function-bind 42ms (cache miss)
266 http fetch GET 200 https://registry.npmjs.org/has-symbols 42ms (cache miss)
267 http fetch GET 200 https://registry.npmjs.org/call-bind-apply-helpers 44ms (cache miss)
268 timing idealTree:node_modules/side-channel-map Completed in 48ms
269 silly placeDep ROOT call-bind-apply-helpers@1.0.2 OK for: call-bound@1.0.4 want: ^1.0.2
270 timing idealTree:node_modules/call-bound Completed in 3ms
271 silly placeDep ROOT function-bind@1.1.2 OK for: call-bind-apply-helpers@1.0.2 want: ^1.1.2
272 timing idealTree:node_modules/call-bind-apply-helpers Completed in 2ms
273 timing idealTree:node_modules/function-bind Completed in 0ms
274 silly placeDep ROOT es-object-atoms@1.1.2 OK for: get-intrinsic@1.3.0 want: ^1.1.1
275 silly placeDep ROOT get-proto@1.0.1 OK for: get-intrinsic@1.3.0 want: ^1.0.1
276 silly placeDep ROOT gopd@1.2.0 OK for: get-intrinsic@1.3.0 want: ^1.2.0
277 silly placeDep ROOT has-symbols@1.1.0 OK for: get-intrinsic@1.3.0 want: ^1.1.0
278 silly placeDep ROOT hasown@2.0.4 OK for: get-intrinsic@1.3.0 want: ^2.0.2
279 silly placeDep ROOT math-intrinsics@1.1.0 OK for: get-intrinsic@1.3.0 want: ^1.1.0
280 silly fetch manifest dunder-proto@^1.0.1
281 http fetch GET 200 https://registry.npmjs.org/dunder-proto 33ms (cache miss)
282 timing idealTree:node_modules/get-intrinsic Completed in 42ms
283 timing idealTree:node_modules/es-object-atoms Completed in 0ms
284 silly placeDep ROOT dunder-proto@1.0.1 OK for: get-proto@1.0.1 want: ^1.0.1
285 timing idealTree:node_modules/get-proto Completed in 3ms
286 timing idealTree:node_modules/dunder-proto Completed in 0ms
287 timing idealTree:node_modules/gopd Completed in 0ms
288 timing idealTree:node_modules/has-symbols Completed in 0ms
289 timing idealTree:node_modules/hasown Completed in 0ms
290 timing idealTree:node_modules/math-intrinsics Completed in 0ms
291 timing idealTree:node_modules/side-channel-weakmap Completed in 0ms
292 timing idealTree:node_modules/statuses Completed in 0ms
293 timing idealTree:node_modules/toidentifier Completed in 0ms
294 silly placeDep node_modules/type-is content-type@2.0.0 OK for: type-is@2.1.0 want: ^2.0.0
295 silly placeDep ROOT media-typer@1.1.0 OK for: type-is@2.1.0 want: ^1.1.0
296 timing idealTree:node_modules/type-is Completed in 5ms
297 timing idealTree:node_modules/media-typer Completed in 0ms
298 timing idealTree:node_modules/unpipe Completed in 0ms
299 timing idealTree:node_modules/vary Completed in 0ms
300 timing idealTree:node_modules/wrappy Completed in 0ms
301 timing idealTree:node_modules/body-parser/node_modules/content-type Completed in 0ms
302 timing idealTree:node_modules/type-is/node_modules/content-type Completed in 0ms
303 timing idealTree:buildDeps Completed in 859ms
304 timing idealTree:fixDepFlags Completed in 2ms
305 timing idealTree Completed in 883ms
306 timing reify:loadTrees Completed in 884ms
307 timing reify:diffTrees Completed in 3ms
308 silly reify moves {}
309 timing reify:retireShallow Completed in 1ms
310 timing reify:createSparse Completed in 8ms
311 timing reify:loadBundles Completed in 0ms
312 silly audit bulk request {
312 silly audit   express: [ '5.2.1' ],
312 silly audit   accepts: [ '2.0.0' ],
312 silly audit   'body-parser': [ '2.3.0' ],
312 silly audit   'content-disposition': [ '1.1.0' ],
312 silly audit   'content-type': [ '1.0.5', '2.0.0' ],
312 silly audit   cookie: [ '0.7.2' ],
312 silly audit   'cookie-signature': [ '1.2.2' ],
312 silly audit   debug: [ '4.4.3' ],
312 silly audit   depd: [ '2.0.0' ],
312 silly audit   encodeurl: [ '2.0.0' ],
312 silly audit   'escape-html': [ '1.0.3' ],
312 silly audit   etag: [ '1.8.1' ],
312 silly audit   finalhandler: [ '2.1.1' ],
312 silly audit   fresh: [ '2.0.0' ],
312 silly audit   'http-errors': [ '2.0.1' ],
312 silly audit   'merge-descriptors': [ '2.0.0' ],
312 silly audit   'mime-types': [ '3.0.2' ],
312 silly audit   'on-finished': [ '2.4.1' ],
312 silly audit   once: [ '1.4.0' ],
312 silly audit   parseurl: [ '1.3.3' ],
312 silly audit   'proxy-addr': [ '2.0.7' ],
312 silly audit   qs: [ '6.15.3' ],
312 silly audit   'range-parser': [ '1.3.0' ],
312 silly audit   router: [ '2.2.0' ],
312 silly audit   send: [ '1.2.1' ],
312 silly audit   'serve-static': [ '2.2.1' ],
312 silly audit   statuses: [ '2.0.2' ],
312 silly audit   'type-is': [ '2.1.0' ],
312 silly audit   vary: [ '1.1.2' ],
312 silly audit   negotiator: [ '1.0.0' ],
312 silly audit   bytes: [ '3.1.2' ],
312 silly audit   'iconv-lite': [ '0.7.3' ],
312 silly audit   'raw-body': [ '3.0.2' ],
312 silly audit   ms: [ '2.1.3' ],
312 silly audit   inherits: [ '2.0.4' ],
312 silly audit   setprototypeof: [ '1.2.0' ],
312 silly audit   toidentifier: [ '1.0.1' ],
312 silly audit   'safer-buffer': [ '2.1.2' ],
312 silly audit   'mime-db': [ '1.54.0' ],
312 silly audit   'ee-first': [ '1.1.1' ],
312 silly audit   wrappy: [ '1.0.2' ],
312 silly audit   forwarded: [ '0.2.0' ],
312 silly audit   'ipaddr.js': [ '1.9.1' ],
312 silly audit   'es-define-property': [ '1.0.1' ],
312 silly audit   'side-channel': [ '1.1.1' ],
312 silly audit   unpipe: [ '1.0.0' ],
312 silly audit   'is-promise': [ '4.0.0' ],
312 silly audit   'path-to-regexp': [ '8.4.2' ],
312 silly audit   'es-errors': [ '1.3.0' ],
312 silly audit   'object-inspect': [ '1.13.4' ],
312 silly audit   'side-channel-list': [ '1.0.1' ],
312 silly audit   'side-channel-map': [ '1.0.1' ],
312 silly audit   'side-channel-weakmap': [ '1.0.2' ],
312 silly audit   'call-bound': [ '1.0.4' ],
312 silly audit   'get-intrinsic': [ '1.3.0' ],
312 silly audit   'call-bind-apply-helpers': [ '1.0.2' ],
312 silly audit   'function-bind': [ '1.1.2' ],
312 silly audit   'es-object-atoms': [ '1.1.2' ],
312 silly audit   'get-proto': [ '1.0.1' ],
312 silly audit   gopd: [ '1.2.0' ],
312 silly audit   'has-symbols': [ '1.1.0' ],
312 silly audit   hasown: [ '2.0.4' ],
312 silly audit   'math-intrinsics': [ '1.1.0' ],
312 silly audit   'dunder-proto': [ '1.0.1' ],
312 silly audit   'media-typer': [ '1.1.0' ]
312 silly audit }
313 silly tarball no local data for media-typer@https://registry.npmjs.org/media-typer/-/media-typer-1.1.0.tgz. Extracting by manifest.
314 silly tarball no local data for dunder-proto@https://registry.npmjs.org/dunder-proto/-/dunder-proto-1.0.1.tgz. Extracting by manifest.
315 silly tarball no local data for math-intrinsics@https://registry.npmjs.org/math-intrinsics/-/math-intrinsics-1.1.0.tgz. Extracting by manifest.
316 silly tarball no local data for hasown@https://registry.npmjs.org/hasown/-/hasown-2.0.4.tgz. Extracting by manifest.
317 silly tarball no local data for has-symbols@https://registry.npmjs.org/has-symbols/-/has-symbols-1.1.0.tgz. Extracting by manifest.
318 silly tarball no local data for gopd@https://registry.npmjs.org/gopd/-/gopd-1.2.0.tgz. Extracting by manifest.
319 silly tarball no local data for get-proto@https://registry.npmjs.org/get-proto/-/get-proto-1.0.1.tgz. Extracting by manifest.
320 silly tarball no local data for es-object-atoms@https://registry.npmjs.org/es-object-atoms/-/es-object-atoms-1.1.2.tgz. Extracting by manifest.
321 silly tarball no local data for function-bind@https://registry.npmjs.org/function-bind/-/function-bind-1.1.2.tgz. Extracting by manifest.
322 silly tarball no local data for call-bind-apply-helpers@https://registry.npmjs.org/call-bind-apply-helpers/-/call-bind-apply-helpers-1.0.2.tgz. Extracting by manifest.
323 silly tarball no local data for get-intrinsic@https://registry.npmjs.org/get-intrinsic/-/get-intrinsic-1.3.0.tgz. Extracting by manifest.
324 silly tarball no local data for call-bound@https://registry.npmjs.org/call-bound/-/call-bound-1.0.4.tgz. Extracting by manifest.
325 silly tarball no local data for side-channel-weakmap@https://registry.npmjs.org/side-channel-weakmap/-/side-channel-weakmap-1.0.2.tgz. Extracting by manifest.
326 silly tarball no local data for side-channel-map@https://registry.npmjs.org/side-channel-map/-/side-channel-map-1.0.1.tgz. Extracting by manifest.
327 silly tarball no local data for side-channel-list@https://registry.npmjs.org/side-channel-list/-/side-channel-list-1.0.1.tgz. Extracting by manifest.
328 silly tarball no local data for object-inspect@https://registry.npmjs.org/object-inspect/-/object-inspect-1.13.4.tgz. Extracting by manifest.
329 silly tarball no local data for es-errors@https://registry.npmjs.org/es-errors/-/es-errors-1.3.0.tgz. Extracting by manifest.
330 silly tarball no local data for path-to-regexp@https://registry.npmjs.org/path-to-regexp/-/path-to-regexp-8.4.2.tgz. Extracting by manifest.
331 silly tarball no local data for is-promise@https://registry.npmjs.org/is-promise/-/is-promise-4.0.0.tgz. Extracting by manifest.
332 silly tarball no local data for unpipe@https://registry.npmjs.org/unpipe/-/unpipe-1.0.0.tgz. Extracting by manifest.
333 silly tarball no local data for side-channel@https://registry.npmjs.org/side-channel/-/side-channel-1.1.1.tgz. Extracting by manifest.
334 silly tarball no local data for es-define-property@https://registry.npmjs.org/es-define-property/-/es-define-property-1.0.1.tgz. Extracting by manifest.
335 silly tarball no local data for ipaddr.js@https://registry.npmjs.org/ipaddr.js/-/ipaddr.js-1.9.1.tgz. Extracting by manifest.
336 silly tarball no local data for forwarded@https://registry.npmjs.org/forwarded/-/forwarded-0.2.0.tgz. Extracting by manifest.
337 silly tarball no local data for wrappy@https://registry.npmjs.org/wrappy/-/wrappy-1.0.2.tgz. Extracting by manifest.
338 silly tarball no local data for ee-first@https://registry.npmjs.org/ee-first/-/ee-first-1.1.1.tgz. Extracting by manifest.
339 silly tarball no local data for mime-db@https://registry.npmjs.org/mime-db/-/mime-db-1.54.0.tgz. Extracting by manifest.
340 silly tarball no local data for safer-buffer@https://registry.npmjs.org/safer-buffer/-/safer-buffer-2.1.2.tgz. Extracting by manifest.
341 silly tarball no local data for toidentifier@https://registry.npmjs.org/toidentifier/-/toidentifier-1.0.1.tgz. Extracting by manifest.
342 silly tarball no local data for setprototypeof@https://registry.npmjs.org/setprototypeof/-/setprototypeof-1.2.0.tgz. Extracting by manifest.
343 silly tarball no local data for inherits@https://registry.npmjs.org/inherits/-/inherits-2.0.4.tgz. Extracting by manifest.
344 silly tarball no local data for ms@https://registry.npmjs.org/ms/-/ms-2.1.3.tgz. Extracting by manifest.
345 silly tarball no local data for raw-body@https://registry.npmjs.org/raw-body/-/raw-body-3.0.2.tgz. Extracting by manifest.
346 silly tarball no local data for iconv-lite@https://registry.npmjs.org/iconv-lite/-/iconv-lite-0.7.3.tgz. Extracting by manifest.
347 silly tarball no local data for bytes@https://registry.npmjs.org/bytes/-/bytes-3.1.2.tgz. Extracting by manifest.
348 silly tarball no local data for negotiator@https://registry.npmjs.org/negotiator/-/negotiator-1.0.0.tgz. Extracting by manifest.
349 silly tarball no local data for vary@https://registry.npmjs.org/vary/-/vary-1.1.2.tgz. Extracting by manifest.
350 silly tarball no local data for type-is@https://registry.npmjs.org/type-is/-/type-is-2.1.0.tgz. Extracting by manifest.
351 silly tarball no local data for statuses@https://registry.npmjs.org/statuses/-/statuses-2.0.2.tgz. Extracting by manifest.
352 silly tarball no local data for serve-static@https://registry.npmjs.org/serve-static/-/serve-static-2.2.1.tgz. Extracting by manifest.
353 silly tarball no local data for send@https://registry.npmjs.org/send/-/send-1.2.1.tgz. Extracting by manifest.
354 silly tarball no local data for router@https://registry.npmjs.org/router/-/router-2.2.0.tgz. Extracting by manifest.
355 silly tarball no local data for range-parser@https://registry.npmjs.org/range-parser/-/range-parser-1.3.0.tgz. Extracting by manifest.
356 silly tarball no local data for qs@https://registry.npmjs.org/qs/-/qs-6.15.3.tgz. Extracting by manifest.
357 silly tarball no local data for proxy-addr@https://registry.npmjs.org/proxy-addr/-/proxy-addr-2.0.7.tgz. Extracting by manifest.
358 silly tarball no local data for parseurl@https://registry.npmjs.org/parseurl/-/parseurl-1.3.3.tgz. Extracting by manifest.
359 silly tarball no local data for once@https://registry.npmjs.org/once/-/once-1.4.0.tgz. Extracting by manifest.
360 silly tarball no local data for on-finished@https://registry.npmjs.org/on-finished/-/on-finished-2.4.1.tgz. Extracting by manifest.
361 silly tarball no local data for mime-types@https://registry.npmjs.org/mime-types/-/mime-types-3.0.2.tgz. Extracting by manifest.
362 silly tarball no local data for merge-descriptors@https://registry.npmjs.org/merge-descriptors/-/merge-descriptors-2.0.0.tgz. Extracting by manifest.
363 silly tarball no local data for http-errors@https://registry.npmjs.org/http-errors/-/http-errors-2.0.1.tgz. Extracting by manifest.
364 silly tarball no local data for fresh@https://registry.npmjs.org/fresh/-/fresh-2.0.0.tgz. Extracting by manifest.
365 silly tarball no local data for finalhandler@https://registry.npmjs.org/finalhandler/-/finalhandler-2.1.1.tgz. Extracting by manifest.
366 silly tarball no local data for etag@https://registry.npmjs.org/etag/-/etag-1.8.1.tgz. Extracting by manifest.
367 silly tarball no local data for escape-html@https://registry.npmjs.org/escape-html/-/escape-html-1.0.3.tgz. Extracting by manifest.
368 silly tarball no local data for encodeurl@https://registry.npmjs.org/encodeurl/-/encodeurl-2.0.0.tgz. Extracting by manifest.
369 silly tarball no local data for depd@https://registry.npmjs.org/depd/-/depd-2.0.0.tgz. Extracting by manifest.
370 silly tarball no local data for debug@https://registry.npmjs.org/debug/-/debug-4.4.3.tgz. Extracting by manifest.
371 silly tarball no local data for cookie-signature@https://registry.npmjs.org/cookie-signature/-/cookie-signature-1.2.2.tgz. Extracting by manifest.
372 silly tarball no local data for cookie@https://registry.npmjs.org/cookie/-/cookie-0.7.2.tgz. Extracting by manifest.
373 silly tarball no local data for content-type@https://registry.npmjs.org/content-type/-/content-type-1.0.5.tgz. Extracting by manifest.
374 silly tarball no local data for content-disposition@https://registry.npmjs.org/content-disposition/-/content-disposition-1.1.0.tgz. Extracting by manifest.
375 silly tarball no local data for body-parser@https://registry.npmjs.org/body-parser/-/body-parser-2.3.0.tgz. Extracting by manifest.
376 silly tarball no local data for accepts@https://registry.npmjs.org/accepts/-/accepts-2.0.0.tgz. Extracting by manifest.
377 silly tarball no local data for express@https://registry.npmjs.org/express/-/express-5.2.1.tgz. Extracting by manifest.
378 silly tarball no local data for content-type@https://registry.npmjs.org/content-type/-/content-type-2.0.0.tgz. Extracting by manifest.
379 silly tarball no local data for content-type@https://registry.npmjs.org/content-type/-/content-type-2.0.0.tgz. Extracting by manifest.
380 http fetch POST 200 https://registry.npmjs.org/-/npm/v1/security/advisories/bulk 236ms
381 timing auditReport:getReport Completed in 239ms
382 silly audit report {}
383 timing auditReport:init Completed in 0ms
384 timing reify:audit Completed in 241ms
385 http fetch GET 200 https://registry.npmjs.org/toidentifier/-/toidentifier-1.0.1.tgz 449ms (cache miss)
386 timing reifyNode:node_modules/toidentifier Completed in 503ms
387 http fetch GET 200 https://registry.npmjs.org/media-typer/-/media-typer-1.1.0.tgz 495ms (cache miss)
388 timing reifyNode:node_modules/media-typer Completed in 534ms
389 http fetch GET 200 https://registry.npmjs.org/is-promise/-/is-promise-4.0.0.tgz 486ms (cache miss)
390 timing reifyNode:node_modules/is-promise Completed in 537ms
391 http fetch GET 200 https://registry.npmjs.org/side-channel/-/side-channel-1.1.1.tgz 486ms (cache miss)
392 http fetch GET 200 https://registry.npmjs.org/on-finished/-/on-finished-2.4.1.tgz 474ms (cache miss)
393 timing reifyNode:node_modules/on-finished Completed in 539ms
394 http fetch GET 200 https://registry.npmjs.org/gopd/-/gopd-1.2.0.tgz 499ms (cache miss)
395 http fetch GET 200 https://registry.npmjs.org/unpipe/-/unpipe-1.0.0.tgz 496ms (cache miss)
396 timing reifyNode:node_modules/unpipe Completed in 547ms
397 http fetch GET 200 https://registry.npmjs.org/es-define-property/-/es-define-property-1.0.1.tgz 496ms (cache miss)
398 http fetch GET 200 https://registry.npmjs.org/setprototypeof/-/setprototypeof-1.2.0.tgz 493ms (cache miss)
399 timing reifyNode:node_modules/setprototypeof Completed in 547ms
400 http fetch GET 200 https://registry.npmjs.org/wrappy/-/wrappy-1.0.2.tgz 496ms (cache miss)
401 timing reifyNode:node_modules/wrappy Completed in 548ms
402 http fetch GET 200 https://registry.npmjs.org/range-parser/-/range-parser-1.3.0.tgz 486ms (cache miss)
403 timing reifyNode:node_modules/range-parser Completed in 548ms
404 http fetch GET 200 https://registry.npmjs.org/merge-descriptors/-/merge-descriptors-2.0.0.tgz 484ms (cache miss)
405 timing reifyNode:node_modules/merge-descriptors Completed in 550ms
406 http fetch GET 200 https://registry.npmjs.org/once/-/once-1.4.0.tgz 486ms (cache miss)
407 timing reifyNode:node_modules/once Completed in 550ms
408 http fetch GET 200 https://registry.npmjs.org/hasown/-/hasown-2.0.4.tgz 512ms (cache miss)
409 timing reifyNode:node_modules/es-define-property Completed in 559ms
410 http fetch GET 200 https://registry.npmjs.org/forwarded/-/forwarded-0.2.0.tgz 506ms (cache miss)
411 timing reifyNode:node_modules/forwarded Completed in 558ms
412 http fetch GET 200 https://registry.npmjs.org/inherits/-/inherits-2.0.4.tgz 504ms (cache miss)
413 timing reifyNode:node_modules/inherits Completed in 559ms
414 http fetch GET 200 https://registry.npmjs.org/raw-body/-/raw-body-3.0.2.tgz 503ms (cache miss)
415 timing reifyNode:node_modules/raw-body Completed in 559ms
416 http fetch GET 200 https://registry.npmjs.org/send/-/send-1.2.1.tgz 498ms (cache miss)
417 timing reifyNode:node_modules/send Completed in 559ms
418 http fetch GET 200 https://registry.npmjs.org/mime-types/-/mime-types-3.0.2.tgz 495ms (cache miss)
419 timing reifyNode:node_modules/mime-types Completed in 561ms
420 timing reifyNode:node_modules/hasown Completed in 566ms
421 http fetch GET 200 https://registry.npmjs.org/side-channel-weakmap/-/side-channel-weakmap-1.0.2.tgz 518ms (cache miss)
422 http fetch GET 200 https://registry.npmjs.org/side-channel-list/-/side-channel-list-1.0.1.tgz 519ms (cache miss)
423 timing reifyNode:node_modules/side-channel Completed in 568ms
424 http fetch GET 200 https://registry.npmjs.org/ms/-/ms-2.1.3.tgz 512ms (cache miss)
425 timing reifyNode:node_modules/ms Completed in 567ms
426 http fetch GET 200 https://registry.npmjs.org/ee-first/-/ee-first-1.1.1.tgz 516ms (cache miss)
427 timing reifyNode:node_modules/ee-first Completed in 568ms
428 http fetch GET 200 https://registry.npmjs.org/serve-static/-/serve-static-2.2.1.tgz 507ms (cache miss)
429 timing reifyNode:node_modules/serve-static Completed in 567ms
430 http fetch GET 200 https://registry.npmjs.org/negotiator/-/negotiator-1.0.0.tgz 510ms (cache miss)
431 http fetch GET 200 https://registry.npmjs.org/bytes/-/bytes-3.1.2.tgz 511ms (cache miss)
432 timing reifyNode:node_modules/bytes Completed in 570ms
433 http fetch GET 200 https://registry.npmjs.org/etag/-/etag-1.8.1.tgz 502ms (cache miss)
434 timing reifyNode:node_modules/etag Completed in 569ms
435 http fetch GET 200 https://registry.npmjs.org/content-type/-/content-type-1.0.5.tgz 500ms (cache miss)
436 timing reifyNode:node_modules/content-type Completed in 569ms
437 http fetch GET 200 https://registry.npmjs.org/content-disposition/-/content-disposition-1.1.0.tgz 500ms (cache miss)
438 timing reifyNode:node_modules/content-disposition Completed in 569ms
439 timing reifyNode:node_modules/gopd Completed in 577ms
440 http fetch GET 200 https://registry.npmjs.org/get-proto/-/get-proto-1.0.1.tgz 533ms (cache miss)
441 http fetch GET 200 https://registry.npmjs.org/fresh/-/fresh-2.0.0.tgz 513ms (cache miss)
442 timing reifyNode:node_modules/fresh Completed in 579ms
443 http fetch GET 200 https://registry.npmjs.org/http-errors/-/http-errors-2.0.1.tgz 514ms (cache miss)
444 timing reifyNode:node_modules/http-errors Completed in 579ms
445 http fetch GET 200 https://registry.npmjs.org/finalhandler/-/finalhandler-2.1.1.tgz 514ms (cache miss)
446 timing reifyNode:node_modules/finalhandler Completed in 580ms
447 http fetch GET 200 https://registry.npmjs.org/cookie-signature/-/cookie-signature-1.2.2.tgz 511ms (cache miss)
448 timing reifyNode:node_modules/cookie-signature Completed in 579ms
449 http fetch GET 200 https://registry.npmjs.org/proxy-addr/-/proxy-addr-2.0.7.tgz 518ms (cache miss)
450 timing reifyNode:node_modules/proxy-addr Completed in 581ms
451 http fetch GET 200 https://registry.npmjs.org/accepts/-/accepts-2.0.0.tgz 510ms (cache miss)
452 timing reifyNode:node_modules/accepts Completed in 580ms
453 http fetch GET 200 https://registry.npmjs.org/escape-html/-/escape-html-1.0.3.tgz 514ms (cache miss)
454 timing reifyNode:node_modules/escape-html Completed in 582ms
455 http fetch GET 200 https://registry.npmjs.org/content-type/-/content-type-2.0.0.tgz 510ms (cache miss)
456 timing reifyNode:node_modules/type-is/node_modules/content-type Completed in 582ms
457 http fetch GET 200 https://registry.npmjs.org/es-object-atoms/-/es-object-atoms-1.1.2.tgz 541ms (cache miss)
458 http fetch GET 200 https://registry.npmjs.org/function-bind/-/function-bind-1.1.2.tgz 542ms (cache miss)
459 http fetch GET 200 https://registry.npmjs.org/side-channel-map/-/side-channel-map-1.0.1.tgz 539ms (cache miss)
460 http fetch GET 200 https://registry.npmjs.org/vary/-/vary-1.1.2.tgz 529ms (cache miss)
461 timing reifyNode:node_modules/vary Completed in 588ms
462 http fetch GET 200 https://registry.npmjs.org/type-is/-/type-is-2.1.0.tgz 529ms (cache miss)
463 timing reifyNode:node_modules/type-is Completed in 588ms
464 timing reifyNode:node_modules/negotiator Completed in 589ms
465 http fetch GET 200 https://registry.npmjs.org/statuses/-/statuses-2.0.2.tgz 529ms (cache miss)
466 timing reifyNode:node_modules/statuses Completed in 589ms
467 http fetch GET 200 https://registry.npmjs.org/dunder-proto/-/dunder-proto-1.0.1.tgz 551ms (cache miss)
468 timing reifyNode:node_modules/side-channel-map Completed in 594ms
469 timing reifyNode:node_modules/side-channel-weakmap Completed in 594ms
470 timing reifyNode:node_modules/side-channel-list Completed in 594ms
471 http fetch GET 200 https://registry.npmjs.org/router/-/router-2.2.0.tgz 532ms (cache miss)
472 http fetch GET 200 https://registry.npmjs.org/parseurl/-/parseurl-1.3.3.tgz 531ms (cache miss)
473 timing reifyNode:node_modules/parseurl Completed in 594ms
474 http fetch GET 200 https://registry.npmjs.org/cookie/-/cookie-0.7.2.tgz 525ms (cache miss)
475 timing reifyNode:node_modules/cookie Completed in 594ms
476 http fetch GET 200 https://registry.npmjs.org/encodeurl/-/encodeurl-2.0.0.tgz 527ms (cache miss)
477 timing reifyNode:node_modules/encodeurl Completed in 595ms
478 http fetch GET 200 https://registry.npmjs.org/depd/-/depd-2.0.0.tgz 527ms (cache miss)
479 timing reifyNode:node_modules/depd Completed in 595ms
480 http fetch GET 200 https://registry.npmjs.org/express/-/express-5.2.1.tgz 524ms (cache miss)
481 timing reifyNode:node_modules/get-proto Completed in 600ms
482 timing reifyNode:node_modules/es-object-atoms Completed in 602ms
483 timing reifyNode:node_modules/function-bind Completed in 602ms
484 http fetch GET 200 https://registry.npmjs.org/ipaddr.js/-/ipaddr.js-1.9.1.tgz 551ms (cache miss)
485 timing reifyNode:node_modules/ipaddr.js Completed in 602ms
486 http fetch GET 200 https://registry.npmjs.org/safer-buffer/-/safer-buffer-2.1.2.tgz 549ms (cache miss)
487 timing reifyNode:node_modules/safer-buffer Completed in 603ms
488 timing reifyNode:node_modules/router Completed in 602ms
489 timing reifyNode:node_modules/dunder-proto Completed in 608ms
490 http fetch GET 200 https://registry.npmjs.org/call-bound/-/call-bound-1.0.4.tgz 561ms (cache miss)
491 timing reifyNode:node_modules/call-bound Completed in 609ms
492 timing reifyNode:node_modules/express Completed in 608ms
493 http fetch GET 200 https://registry.npmjs.org/body-parser/-/body-parser-2.3.0.tgz 540ms (cache miss)
494 http fetch GET 200 https://registry.npmjs.org/content-type/-/content-type-2.0.0.tgz 539ms (cache miss)
495 timing reifyNode:node_modules/body-parser/node_modules/content-type Completed in 611ms
496 http fetch GET 200 https://registry.npmjs.org/call-bind-apply-helpers/-/call-bind-apply-helpers-1.0.2.tgz 570ms (cache miss)
497 http fetch GET 200 https://registry.npmjs.org/path-to-regexp/-/path-to-regexp-8.4.2.tgz 567ms (cache miss)
498 timing reifyNode:node_modules/path-to-regexp Completed in 617ms
499 timing reifyNode:node_modules/body-parser Completed in 617ms
500 http fetch GET 200 https://registry.npmjs.org/es-errors/-/es-errors-1.3.0.tgz 575ms (cache miss)
501 http fetch GET 200 https://registry.npmjs.org/get-intrinsic/-/get-intrinsic-1.3.0.tgz 578ms (cache miss)
502 timing reifyNode:node_modules/get-intrinsic Completed in 626ms
503 timing reifyNode:node_modules/call-bind-apply-helpers Completed in 626ms
504 timing reifyNode:node_modules/es-errors Completed in 628ms
505 http fetch GET 200 https://registry.npmjs.org/has-symbols/-/has-symbols-1.1.0.tgz 588ms (cache miss)
506 timing reifyNode:node_modules/has-symbols Completed in 632ms
507 http fetch GET 200 https://registry.npmjs.org/mime-db/-/mime-db-1.54.0.tgz 578ms (cache miss)
508 timing reifyNode:node_modules/mime-db Completed in 631ms
509 http fetch GET 200 https://registry.npmjs.org/debug/-/debug-4.4.3.tgz 564ms (cache miss)
510 timing reifyNode:node_modules/debug Completed in 633ms
511 http fetch GET 200 https://registry.npmjs.org/math-intrinsics/-/math-intrinsics-1.1.0.tgz 605ms (cache miss)
512 timing reifyNode:node_modules/math-intrinsics Completed in 651ms
513 http fetch GET 200 https://registry.npmjs.org/object-inspect/-/object-inspect-1.13.4.tgz 605ms (cache miss)
514 timing reifyNode:node_modules/object-inspect Completed in 655ms
515 http fetch GET 200 https://registry.npmjs.org/qs/-/qs-6.15.3.tgz 594ms (cache miss)
516 timing reifyNode:node_modules/qs Completed in 656ms
517 http fetch GET 200 https://registry.npmjs.org/iconv-lite/-/iconv-lite-0.7.3.tgz 610ms (cache miss)
518 timing reifyNode:node_modules/iconv-lite Completed in 669ms
519 timing reify:unpack Completed in 672ms
520 timing reify:unretire Completed in 1ms
521 timing build:queue Completed in 5ms
522 timing build:deps Completed in 6ms
523 timing build Completed in 7ms
524 timing reify:build Completed in 7ms
525 timing reify:trash Completed in 0ms
526 timing reify:save Completed in 51ms
527 timing reify Completed in 1666ms
528 silly ADD node_modules/media-typer
529 silly ADD node_modules/dunder-proto
530 silly ADD node_modules/math-intrinsics
531 silly ADD node_modules/hasown
532 silly ADD node_modules/has-symbols
533 silly ADD node_modules/gopd
534 silly ADD node_modules/get-proto
535 silly ADD node_modules/es-object-atoms
536 silly ADD node_modules/function-bind
537 silly ADD node_modules/call-bind-apply-helpers
538 silly ADD node_modules/get-intrinsic
539 silly ADD node_modules/call-bound
540 silly ADD node_modules/side-channel-weakmap
541 silly ADD node_modules/side-channel-map
542 silly ADD node_modules/side-channel-list
543 silly ADD node_modules/object-inspect
544 silly ADD node_modules/es-errors
545 silly ADD node_modules/path-to-regexp
546 silly ADD node_modules/is-promise
547 silly ADD node_modules/unpipe
548 silly ADD node_modules/side-channel
549 silly ADD node_modules/es-define-property
550 silly ADD node_modules/ipaddr.js
551 silly ADD node_modules/forwarded
552 silly ADD node_modules/wrappy
553 silly ADD node_modules/ee-first
554 silly ADD node_modules/mime-db
555 silly ADD node_modules/safer-buffer
556 silly ADD node_modules/toidentifier
557 silly ADD node_modules/setprototypeof
558 silly ADD node_modules/inherits
559 silly ADD node_modules/ms
560 silly ADD node_modules/raw-body
561 silly ADD node_modules/iconv-lite
562 silly ADD node_modules/bytes
563 silly ADD node_modules/negotiator
564 silly ADD node_modules/vary
565 silly ADD node_modules/type-is
566 silly ADD node_modules/type-is/node_modules/content-type
567 silly ADD node_modules/statuses
568 silly ADD node_modules/serve-static
569 silly ADD node_modules/send
570 silly ADD node_modules/router
571 silly ADD node_modules/range-parser
572 silly ADD node_modules/qs
573 silly ADD node_modules/proxy-addr
574 silly ADD node_modules/parseurl
575 silly ADD node_modules/once
576 silly ADD node_modules/on-finished
577 silly ADD node_modules/mime-types
578 silly ADD node_modules/merge-descriptors
579 silly ADD node_modules/http-errors
580 silly ADD node_modules/fresh
581 silly ADD node_modules/finalhandler
582 silly ADD node_modules/etag
583 silly ADD node_modules/escape-html
584 silly ADD node_modules/encodeurl
585 silly ADD node_modules/depd
586 silly ADD node_modules/debug
587 silly ADD node_modules/cookie-signature
588 silly ADD node_modules/cookie
589 silly ADD node_modules/content-type
590 silly ADD node_modules/content-disposition
591 silly ADD node_modules/body-parser
592 silly ADD node_modules/body-parser/node_modules/content-type
593 silly ADD node_modules/accepts
594 silly ADD node_modules/express
595 timing command:install Completed in 1679ms
596 verbose exit 0
597 timing npm Completed in 1740ms
598 info ok
