0 verbose cli /usr/bin/node /usr/bin/npm
1 info using npm@9.2.0
2 info using node@v22.22.1
3 timing npm:load:whichnode Completed in 0ms
4 timing config:load:defaults Completed in 1ms
5 timing config:load:file:/usr/share/nodejs/npm/npmrc Completed in 11ms
6 timing config:load:builtin Completed in 11ms
7 timing config:load:cli Completed in 3ms
8 timing config:load:env Completed in 1ms
9 timing config:load:project Completed in 8ms
10 timing config:load:file:/home/ubuntu/.npmrc Completed in 0ms
11 timing config:load:user Completed in 1ms
12 timing config:load:file:/etc/npmrc Completed in 0ms
13 timing config:load:global Completed in 0ms
14 timing config:load:setEnvs Completed in 1ms
15 timing config:load Completed in 27ms
16 timing npm:load:configload Completed in 28ms
17 timing npm:load:mkdirpcache Completed in 1ms
18 timing npm:load:mkdirplogs Completed in 1ms
19 verbose title npm install @aws-sdk/client-s3 @aws-sdk/lib-storage multer multer-s3
20 verbose argv "install" "@aws-sdk/client-s3" "@aws-sdk/lib-storage" "multer" "multer-s3"
21 timing npm:load:setTitle Completed in 0ms
22 timing config:load:flatten Completed in 3ms
23 timing npm:load:display Completed in 4ms
24 verbose logfile logs-max:10 dir:/home/ubuntu/.npm/_logs/2026-07-12T11_13_51_314Z-
25 verbose logfile /home/ubuntu/.npm/_logs/2026-07-12T11_13_51_314Z-debug-0.log
26 timing npm:load:logFile Completed in 10ms
27 timing npm:load:timers Completed in 1ms
28 timing npm:load:configScope Completed in 0ms
29 timing npm:load Completed in 45ms
30 timing config:load:flatten Completed in 0ms
31 timing arborist:ctor Completed in 1ms
32 silly logfile done cleaning log files
33 timing idealTree:init Completed in 75ms
34 timing idealTree:userRequests Completed in 3ms
35 silly idealTree buildDeps
36 silly fetch manifest @aws-sdk/client-s3@*
37 timing arborist:ctor Completed in 1ms
38 http fetch GET 200 https://registry.npmjs.org/@aws-sdk%2fclient-s3 237ms (cache miss)
39 silly fetch manifest @aws-sdk/lib-storage@*
40 http fetch GET 200 https://registry.npmjs.org/@aws-sdk%2flib-storage 81ms (cache miss)
41 silly fetch manifest multer@*
42 http fetch GET 200 https://registry.npmjs.org/multer 20ms (cache miss)
43 silly fetch manifest multer-s3@*
44 http fetch GET 200 https://registry.npmjs.org/multer-s3 17ms (cache miss)
45 silly placeDep ROOT @aws-sdk/client-s3@3.1085.0 OK for: ubuntu@1.0.0 want: *
46 silly placeDep ROOT @aws-sdk/lib-storage@3.1085.0 OK for: ubuntu@1.0.0 want: *
47 silly placeDep ROOT multer@2.2.0 OK for: ubuntu@1.0.0 want: *
48 silly placeDep ROOT multer-s3@3.0.1 OK for: ubuntu@1.0.0 want: *
49 silly fetch manifest @aws-sdk/checksums@^3.1000.16
50 silly fetch manifest @aws-sdk/core@^3.975.1
51 silly fetch manifest @aws-sdk/credential-provider-node@^3.972.66
52 silly fetch manifest @aws-sdk/middleware-sdk-s3@^3.972.62
53 silly fetch manifest @aws-sdk/signature-v4-multi-region@^3.996.39
54 silly fetch manifest @aws-sdk/types@^3.974.0
55 silly fetch manifest @smithy/core@^3.29.2
56 silly fetch manifest @smithy/fetch-http-handler@^5.6.4
57 silly fetch manifest @smithy/node-http-handler@^4.9.4
58 silly fetch manifest @smithy/types@^4.16.0
59 silly fetch manifest tslib@^2.6.2
60 silly fetch manifest buffer@5.6.0
61 silly fetch manifest events@3.3.0
62 silly fetch manifest stream-browserify@3.0.0
63 silly fetch manifest append-field@^1.0.0
64 silly fetch manifest busboy@^1.6.0
65 silly fetch manifest concat-stream@^2.0.0
66 silly fetch manifest type-is@^1.6.18
67 silly fetch manifest file-type@^3.3.0
68 silly fetch manifest html-comment-regex@^1.1.2
69 silly fetch manifest run-parallel@^1.1.6
70 http fetch GET 200 https://registry.npmjs.org/@aws-sdk%2fchecksums 64ms (cache miss)
71 http fetch GET 200 https://registry.npmjs.org/busboy 63ms (cache miss)
72 http fetch GET 200 https://registry.npmjs.org/type-is 165ms (cache revalidated)
73 http fetch GET 200 https://registry.npmjs.org/concat-stream 176ms (cache miss)
74 http fetch GET 200 https://registry.npmjs.org/append-field 179ms (cache miss)
75 http fetch GET 200 https://registry.npmjs.org/stream-browserify 184ms (cache miss)
76 http fetch GET 200 https://registry.npmjs.org/events 186ms (cache miss)
77 http fetch GET 200 https://registry.npmjs.org/html-comment-regex 187ms (cache miss)
78 http fetch GET 200 https://registry.npmjs.org/run-parallel 189ms (cache miss)
79 http fetch GET 200 https://registry.npmjs.org/@smithy%2ftypes 200ms (cache miss)
80 http fetch GET 200 https://registry.npmjs.org/@smithy%2fnode-http-handler 213ms (cache miss)
81 http fetch GET 200 https://registry.npmjs.org/@smithy%2ffetch-http-handler 216ms (cache miss)
82 http fetch GET 200 https://registry.npmjs.org/tslib 217ms (cache miss)
83 http fetch GET 200 https://registry.npmjs.org/buffer 218ms (cache miss)
84 http fetch GET 200 https://registry.npmjs.org/@smithy%2fcore 223ms (cache miss)
85 http fetch GET 200 https://registry.npmjs.org/@aws-sdk%2fcore 238ms (cache miss)
86 http fetch GET 200 https://registry.npmjs.org/file-type 231ms (cache miss)
87 http fetch GET 200 https://registry.npmjs.org/@aws-sdk%2fsignature-v4-multi-region 249ms (cache miss)
88 http fetch GET 200 https://registry.npmjs.org/@aws-sdk%2ftypes 257ms (cache miss)
89 http fetch GET 200 https://registry.npmjs.org/@aws-sdk%2fmiddleware-sdk-s3 272ms (cache miss)
90 http fetch GET 200 https://registry.npmjs.org/@aws-sdk%2fcredential-provider-node 282ms (cache miss)
91 timing idealTree:#root Completed in 689ms
92 silly placeDep ROOT @aws-sdk/checksums@3.1000.16 OK for: @aws-sdk/client-s3@3.1085.0 want: ^3.1000.16
93 silly placeDep ROOT @aws-sdk/core@3.975.1 OK for: @aws-sdk/client-s3@3.1085.0 want: ^3.975.1
94 silly placeDep ROOT @aws-sdk/credential-provider-node@3.972.66 OK for: @aws-sdk/client-s3@3.1085.0 want: ^3.972.66
95 silly placeDep ROOT @aws-sdk/middleware-sdk-s3@3.972.62 OK for: @aws-sdk/client-s3@3.1085.0 want: ^3.972.62
96 silly placeDep ROOT @aws-sdk/signature-v4-multi-region@3.996.39 OK for: @aws-sdk/client-s3@3.1085.0 want: ^3.996.39
97 silly placeDep ROOT @aws-sdk/types@3.974.0 OK for: @aws-sdk/client-s3@3.1085.0 want: ^3.974.0
98 silly placeDep ROOT @smithy/core@3.29.3 OK for: @aws-sdk/client-s3@3.1085.0 want: ^3.29.2
99 silly placeDep ROOT @smithy/fetch-http-handler@5.6.5 OK for: @aws-sdk/client-s3@3.1085.0 want: ^5.6.4
100 silly placeDep ROOT @smithy/node-http-handler@4.9.5 OK for: @aws-sdk/client-s3@3.1085.0 want: ^4.9.4
101 silly placeDep ROOT @smithy/types@4.16.1 OK for: @aws-sdk/client-s3@3.1085.0 want: ^4.16.0
102 silly placeDep ROOT tslib@2.8.1 OK for: @aws-sdk/client-s3@3.1085.0 want: ^2.6.2
103 silly fetch manifest @aws-sdk/xml-builder@^3.972.34
104 silly fetch manifest @aws/lambda-invoke-store@^0.3.0
105 silly fetch manifest @smithy/signature-v4@^5.6.3
106 silly fetch manifest bowser@^2.11.0
107 silly fetch manifest @aws-sdk/credential-provider-env@^3.972.57
108 silly fetch manifest @aws-sdk/credential-provider-http@^3.972.59
109 silly fetch manifest @aws-sdk/credential-provider-ini@^3.973.1
110 silly fetch manifest @aws-sdk/credential-provider-process@^3.972.57
111 silly fetch manifest @aws-sdk/credential-provider-sso@^3.973.1
112 silly fetch manifest @aws-sdk/credential-provider-web-identity@^3.972.63
113 silly fetch manifest @smithy/credential-provider-imds@^4.4.7
114 http fetch GET 200 https://registry.npmjs.org/@aws%2flambda-invoke-store 80ms (cache miss)
115 http fetch GET 200 https://registry.npmjs.org/@smithy%2fsignature-v4 82ms (cache miss)
116 http fetch GET 200 https://registry.npmjs.org/@smithy%2fcredential-provider-imds 90ms (cache miss)
117 http fetch GET 200 https://registry.npmjs.org/bowser 102ms (cache miss)
118 http fetch GET 200 https://registry.npmjs.org/@aws-sdk%2fxml-builder 106ms (cache miss)
119 http fetch GET 200 https://registry.npmjs.org/@aws-sdk%2fcredential-provider-http 113ms (cache miss)
120 http fetch GET 200 https://registry.npmjs.org/@aws-sdk%2fcredential-provider-env 118ms (cache miss)
121 http fetch GET 200 https://registry.npmjs.org/@aws-sdk%2fcredential-provider-web-identity 125ms (cache miss)
122 http fetch GET 200 https://registry.npmjs.org/@aws-sdk%2fcredential-provider-sso 133ms (cache miss)
123 http fetch GET 200 https://registry.npmjs.org/@aws-sdk%2fcredential-provider-ini 139ms (cache miss)
124 http fetch GET 200 https://registry.npmjs.org/@aws-sdk%2fcredential-provider-process 144ms (cache miss)
125 timing idealTree:node_modules/@aws-sdk/client-s3 Completed in 183ms
126 timing idealTree:node_modules/@aws-sdk/checksums Completed in 0ms
127 silly placeDep ROOT @aws-sdk/xml-builder@3.972.34 OK for: @aws-sdk/core@3.975.1 want: ^3.972.34
128 silly placeDep ROOT @aws/lambda-invoke-store@0.3.0 OK for: @aws-sdk/core@3.975.1 want: ^0.3.0
129 silly placeDep ROOT @smithy/signature-v4@5.6.4 OK for: @aws-sdk/core@3.975.1 want: ^5.6.3
130 silly placeDep ROOT bowser@2.14.1 OK for: @aws-sdk/core@3.975.1 want: ^2.11.0
131 timing idealTree:node_modules/@aws-sdk/core Completed in 12ms
132 silly placeDep ROOT @aws-sdk/credential-provider-env@3.972.57 OK for: @aws-sdk/credential-provider-node@3.972.66 want: ^3.972.57
133 silly placeDep ROOT @aws-sdk/credential-provider-http@3.972.59 OK for: @aws-sdk/credential-provider-node@3.972.66 want: ^3.972.59
134 silly placeDep ROOT @aws-sdk/credential-provider-ini@3.973.1 OK for: @aws-sdk/credential-provider-node@3.972.66 want: ^3.973.1
135 silly placeDep ROOT @aws-sdk/credential-provider-process@3.972.57 OK for: @aws-sdk/credential-provider-node@3.972.66 want: ^3.972.57
136 silly placeDep ROOT @aws-sdk/credential-provider-sso@3.973.1 OK for: @aws-sdk/credential-provider-node@3.972.66 want: ^3.973.1
137 silly placeDep ROOT @aws-sdk/credential-provider-web-identity@3.972.63 OK for: @aws-sdk/credential-provider-node@3.972.66 want: ^3.972.63
138 silly placeDep ROOT @smithy/credential-provider-imds@4.4.8 OK for: @aws-sdk/credential-provider-node@3.972.66 want: ^4.4.7
139 silly fetch manifest @aws-sdk/credential-provider-login@^3.972.63
140 silly fetch manifest @aws-sdk/nested-clients@^3.997.31
141 silly fetch manifest @aws-sdk/token-providers@3.1083.0
142 http fetch GET 200 https://registry.npmjs.org/@aws-sdk%2fcredential-provider-login 50ms (cache miss)
143 http fetch GET 200 https://registry.npmjs.org/@aws-sdk%2ftoken-providers 60ms (cache miss)
144 http fetch GET 200 https://registry.npmjs.org/@aws-sdk%2fnested-clients 64ms (cache miss)
145 timing idealTree:node_modules/@aws-sdk/credential-provider-node Completed in 91ms
146 timing idealTree:node_modules/@aws-sdk/credential-provider-env Completed in 0ms
147 timing idealTree:node_modules/@aws-sdk/credential-provider-http Completed in 0ms
148 silly placeDep ROOT @aws-sdk/credential-provider-login@3.972.63 OK for: @aws-sdk/credential-provider-ini@3.973.1 want: ^3.972.63
149 silly placeDep ROOT @aws-sdk/nested-clients@3.997.31 OK for: @aws-sdk/credential-provider-ini@3.973.1 want: ^3.997.31
150 timing idealTree:node_modules/@aws-sdk/credential-provider-ini Completed in 7ms
151 timing idealTree:node_modules/@aws-sdk/credential-provider-login Completed in 0ms
152 timing idealTree:node_modules/@aws-sdk/credential-provider-process Completed in 0ms
153 silly placeDep ROOT @aws-sdk/token-providers@3.1083.0 OK for: @aws-sdk/credential-provider-sso@3.973.1 want: 3.1083.0
154 timing idealTree:node_modules/@aws-sdk/credential-provider-sso Completed in 2ms
155 timing idealTree:node_modules/@aws-sdk/credential-provider-web-identity Completed in 0ms
156 silly placeDep ROOT buffer@5.6.0 OK for: @aws-sdk/lib-storage@3.1085.0 want: 5.6.0
157 silly placeDep ROOT events@3.3.0 OK for: @aws-sdk/lib-storage@3.1085.0 want: 3.3.0
158 silly placeDep ROOT stream-browserify@3.0.0 OK for: @aws-sdk/lib-storage@3.1085.0 want: 3.0.0
159 silly fetch manifest base64-js@^1.0.2
160 silly fetch manifest ieee754@^1.1.4
161 silly fetch manifest readable-stream@^3.5.0
162 http fetch GET 200 https://registry.npmjs.org/ieee754 26ms (cache miss)
163 http fetch GET 200 https://registry.npmjs.org/base64-js 32ms (cache miss)
164 http fetch GET 200 https://registry.npmjs.org/readable-stream 29ms (cache miss)
165 timing idealTree:node_modules/@aws-sdk/lib-storage Completed in 39ms
166 timing idealTree:node_modules/@aws-sdk/middleware-sdk-s3 Completed in 0ms
167 timing idealTree:node_modules/@aws-sdk/nested-clients Completed in 0ms
168 timing idealTree:node_modules/@aws-sdk/signature-v4-multi-region Completed in 0ms
169 timing idealTree:node_modules/@aws-sdk/token-providers Completed in 0ms
170 timing idealTree:node_modules/@aws-sdk/types Completed in 0ms
171 timing idealTree:node_modules/@aws-sdk/xml-builder Completed in 0ms
172 timing idealTree:node_modules/@aws/lambda-invoke-store Completed in 0ms
173 timing idealTree:node_modules/@smithy/core Completed in 0ms
174 timing idealTree:node_modules/@smithy/credential-provider-imds Completed in 0ms
175 timing idealTree:node_modules/@smithy/fetch-http-handler Completed in 0ms
176 timing idealTree:node_modules/@smithy/node-http-handler Completed in 0ms
177 timing idealTree:node_modules/@smithy/signature-v4 Completed in 0ms
178 timing idealTree:node_modules/@smithy/types Completed in 0ms
179 timing idealTree:node_modules/bowser Completed in 0ms
180 silly placeDep ROOT base64-js@1.5.1 OK for: buffer@5.6.0 want: ^1.0.2
181 silly placeDep ROOT ieee754@1.2.1 OK for: buffer@5.6.0 want: ^1.1.4
182 timing idealTree:node_modules/buffer Completed in 3ms
183 timing idealTree:node_modules/base64-js Completed in 0ms
184 timing idealTree:node_modules/events Completed in 0ms
185 timing idealTree:node_modules/ieee754 Completed in 0ms
186 silly placeDep ROOT append-field@1.0.0 OK for: multer@2.2.0 want: ^1.0.0
187 silly placeDep ROOT busboy@1.6.0 OK for: multer@2.2.0 want: ^1.6.0
188 silly placeDep ROOT concat-stream@2.0.0 OK for: multer@2.2.0 want: ^2.0.0
189 silly placeDep node_modules/multer type-is@1.6.18 OK for: multer@2.2.0 want: ^1.6.18
190 silly fetch manifest streamsearch@^1.1.0
191 silly fetch manifest buffer-from@^1.0.0
192 silly fetch manifest readable-stream@^3.0.2
193 silly fetch manifest typedarray@^0.0.6
194 silly fetch manifest mime-types@~2.1.24
195 silly fetch manifest media-typer@0.3.0
196 http fetch GET 200 https://registry.npmjs.org/streamsearch 21ms (cache miss)
197 http fetch GET 200 https://registry.npmjs.org/typedarray 21ms (cache miss)
198 http fetch GET 200 https://registry.npmjs.org/media-typer 25ms (cache revalidated)
199 http fetch GET 200 https://registry.npmjs.org/buffer-from 35ms (cache miss)
200 http fetch GET 200 https://registry.npmjs.org/mime-types 35ms (cache revalidated)
201 timing idealTree:node_modules/multer Completed in 47ms
202 timing idealTree:node_modules/append-field Completed in 0ms
203 silly placeDep ROOT streamsearch@1.1.0 OK for: busboy@1.6.0 want: ^1.1.0
204 timing idealTree:node_modules/busboy Completed in 1ms
205 silly placeDep ROOT buffer-from@1.1.2 OK for: concat-stream@2.0.0 want: ^1.0.0
206 silly placeDep ROOT readable-stream@3.6.2 OK for: concat-stream@2.0.0 want: ^3.0.2
207 silly placeDep ROOT typedarray@0.0.6 OK for: concat-stream@2.0.0 want: ^0.0.6
208 silly fetch manifest string_decoder@^1.1.1
209 silly fetch manifest util-deprecate@^1.0.1
210 http fetch GET 200 https://registry.npmjs.org/util-deprecate 19ms (cache miss)
211 http fetch GET 200 https://registry.npmjs.org/string_decoder 23ms (cache miss)
212 timing idealTree:node_modules/concat-stream Completed in 28ms
213 timing idealTree:node_modules/buffer-from Completed in 0ms
214 silly placeDep ROOT file-type@3.9.0 OK for: multer-s3@3.0.1 want: ^3.3.0
215 silly placeDep ROOT html-comment-regex@1.1.2 OK for: multer-s3@3.0.1 want: ^1.1.2
216 silly placeDep ROOT run-parallel@1.2.0 OK for: multer-s3@3.0.1 want: ^1.1.6
217 silly fetch manifest queue-microtask@^1.2.2
218 http fetch GET 200 https://registry.npmjs.org/queue-microtask 21ms (cache miss)
219 timing idealTree:node_modules/multer-s3 Completed in 29ms
220 timing idealTree:node_modules/file-type Completed in 0ms
221 timing idealTree:node_modules/html-comment-regex Completed in 0ms
222 silly placeDep ROOT string_decoder@1.3.0 OK for: readable-stream@3.6.2 want: ^1.1.1
223 silly placeDep ROOT util-deprecate@1.0.2 OK for: readable-stream@3.6.2 want: ^1.0.1
224 silly fetch manifest safe-buffer@~5.2.0
225 http fetch GET 200 https://registry.npmjs.org/safe-buffer 20ms (cache miss)
226 timing idealTree:node_modules/readable-stream Completed in 25ms
227 silly placeDep ROOT queue-microtask@1.2.3 OK for: run-parallel@1.2.0 want: ^1.2.2
228 timing idealTree:node_modules/run-parallel Completed in 2ms
229 timing idealTree:node_modules/queue-microtask Completed in 0ms
230 timing idealTree:node_modules/stream-browserify Completed in 0ms
231 timing idealTree:node_modules/streamsearch Completed in 0ms
232 silly placeDep ROOT safe-buffer@5.2.1 OK for: string_decoder@1.3.0 want: ~5.2.0
233 timing idealTree:node_modules/string_decoder Completed in 1ms
234 timing idealTree:node_modules/safe-buffer Completed in 0ms
235 timing idealTree:node_modules/tslib Completed in 0ms
236 timing idealTree:node_modules/typedarray Completed in 0ms
237 timing idealTree:node_modules/util-deprecate Completed in 0ms
238 silly placeDep node_modules/multer media-typer@0.3.0 OK for: type-is@1.6.18 want: 0.3.0
239 silly placeDep node_modules/multer mime-types@2.1.35 OK for: type-is@1.6.18 want: ~2.1.24
240 silly fetch manifest mime-db@1.52.0
241 http fetch GET 200 https://registry.npmjs.org/mime-db 24ms (cache revalidated)
242 timing idealTree:node_modules/multer/node_modules/type-is Completed in 29ms
243 timing idealTree:node_modules/multer/node_modules/media-typer Completed in 0ms
244 silly placeDep node_modules/multer mime-db@1.52.0 OK for: mime-types@2.1.35 want: 1.52.0
245 timing idealTree:node_modules/multer/node_modules/mime-types Completed in 2ms
246 timing idealTree:node_modules/multer/node_modules/mime-db Completed in 0ms
247 timing idealTree:buildDeps Completed in 1196ms
248 timing idealTree:fixDepFlags Completed in 3ms
249 timing idealTree Completed in 1281ms
250 timing reify:loadTrees Completed in 1282ms
251 timing reify:diffTrees Completed in 4ms
252 silly reify moves {}
253 timing reify:retireShallow Completed in 1ms
254 timing reify:createSparse Completed in 7ms
255 timing reify:loadBundles Completed in 0ms
256 silly audit bulk request {
256 silly audit   accepts: [ '2.0.0' ],
256 silly audit   'body-parser': [ '2.3.0' ],
256 silly audit   'content-type': [ '2.0.0', '1.0.5' ],
256 silly audit   bytes: [ '3.1.2' ],
256 silly audit   'call-bind-apply-helpers': [ '1.0.2' ],
256 silly audit   'call-bound': [ '1.0.4' ],
256 silly audit   'content-disposition': [ '1.1.0' ],
256 silly audit   cookie: [ '0.7.2' ],
256 silly audit   'cookie-signature': [ '1.2.2' ],
256 silly audit   debug: [ '4.4.3' ],
256 silly audit   depd: [ '2.0.0' ],
256 silly audit   'dunder-proto': [ '1.0.1' ],
256 silly audit   'ee-first': [ '1.1.1' ],
256 silly audit   encodeurl: [ '2.0.0' ],
256 silly audit   'es-define-property': [ '1.0.1' ],
256 silly audit   'es-errors': [ '1.3.0' ],
256 silly audit   'es-object-atoms': [ '1.1.2' ],
256 silly audit   'escape-html': [ '1.0.3' ],
256 silly audit   etag: [ '1.8.1' ],
256 silly audit   express: [ '5.2.1' ],
256 silly audit   finalhandler: [ '2.1.1' ],
256 silly audit   forwarded: [ '0.2.0' ],
256 silly audit   fresh: [ '2.0.0' ],
256 silly audit   'function-bind': [ '1.1.2' ],
256 silly audit   'get-intrinsic': [ '1.3.0' ],
256 silly audit   'get-proto': [ '1.0.1' ],
256 silly audit   gopd: [ '1.2.0' ],
256 silly audit   'has-symbols': [ '1.1.0' ],
256 silly audit   hasown: [ '2.0.4' ],
256 silly audit   'http-errors': [ '2.0.1' ],
256 silly audit   'iconv-lite': [ '0.7.3' ],
256 silly audit   inherits: [ '2.0.4' ],
256 silly audit   'ipaddr.js': [ '1.9.1' ],
256 silly audit   'is-promise': [ '4.0.0' ],
256 silly audit   'math-intrinsics': [ '1.1.0' ],
256 silly audit   'media-typer': [ '1.1.0', '0.3.0' ],
256 silly audit   'merge-descriptors': [ '2.0.0' ],
256 silly audit   'mime-db': [ '1.54.0', '1.52.0' ],
256 silly audit   'mime-types': [ '3.0.2', '2.1.35' ],
256 silly audit   ms: [ '2.1.3' ],
256 silly audit   negotiator: [ '1.0.0' ],
256 silly audit   'object-inspect': [ '1.13.4' ],
256 silly audit   'on-finished': [ '2.4.1' ],
256 silly audit   once: [ '1.4.0' ],
256 silly audit   parseurl: [ '1.3.3' ],
256 silly audit   'path-to-regexp': [ '8.4.2' ],
256 silly audit   'proxy-addr': [ '2.0.7' ],
256 silly audit   qs: [ '6.15.3' ],
256 silly audit   'range-parser': [ '1.3.0' ],
256 silly audit   'raw-body': [ '3.0.2' ],
256 silly audit   router: [ '2.2.0' ],
256 silly audit   'safer-buffer': [ '2.1.2' ],
256 silly audit   send: [ '1.2.1' ],
256 silly audit   'serve-static': [ '2.2.1' ],
256 silly audit   setprototypeof: [ '1.2.0' ],
256 silly audit   'side-channel': [ '1.1.1' ],
256 silly audit   'side-channel-list': [ '1.0.1' ],
256 silly audit   'side-channel-map': [ '1.0.1' ],
256 silly audit   'side-channel-weakmap': [ '1.0.2' ],
256 silly audit   statuses: [ '2.0.2' ],
256 silly audit   toidentifier: [ '1.0.1' ],
256 silly audit   'type-is': [ '2.1.0', '1.6.18' ],
256 silly audit   unpipe: [ '1.0.0' ],
256 silly audit   vary: [ '1.1.2' ],
256 silly audit   wrappy: [ '1.0.2' ],
256 silly audit   '@aws-sdk/client-s3': [ '3.1085.0' ],
256 silly audit   '@aws-sdk/lib-storage': [ '3.1085.0' ],
256 silly audit   multer: [ '2.2.0' ],
256 silly audit   'multer-s3': [ '3.0.1' ],
256 silly audit   '@aws-sdk/checksums': [ '3.1000.16' ],
256 silly audit   '@aws-sdk/core': [ '3.975.1' ],
256 silly audit   '@aws-sdk/credential-provider-node': [ '3.972.66' ],
256 silly audit   '@aws-sdk/middleware-sdk-s3': [ '3.972.62' ],
256 silly audit   '@aws-sdk/signature-v4-multi-region': [ '3.996.39' ],
256 silly audit   '@aws-sdk/types': [ '3.974.0' ],
256 silly audit   '@smithy/core': [ '3.29.3' ],
256 silly audit   '@smithy/fetch-http-handler': [ '5.6.5' ],
256 silly audit   '@smithy/node-http-handler': [ '4.9.5' ],
256 silly audit   '@smithy/types': [ '4.16.1' ],
256 silly audit   tslib: [ '2.8.1' ],
256 silly audit   '@aws-sdk/xml-builder': [ '3.972.34' ],
256 silly audit   '@aws/lambda-invoke-store': [ '0.3.0' ],
256 silly audit   '@smithy/signature-v4': [ '5.6.4' ],
256 silly audit   bowser: [ '2.14.1' ],
256 silly audit   '@aws-sdk/credential-provider-env': [ '3.972.57' ],
256 silly audit   '@aws-sdk/credential-provider-http': [ '3.972.59' ],
256 silly audit   '@aws-sdk/credential-provider-ini': [ '3.973.1' ],
256 silly audit   '@aws-sdk/credential-provider-process': [ '3.972.57' ],
256 silly audit   '@aws-sdk/credential-provider-sso': [ '3.973.1' ],
256 silly audit   '@aws-sdk/credential-provider-web-identity': [ '3.972.63' ],
256 silly audit   '@smithy/credential-provider-imds': [ '4.4.8' ],
256 silly audit   '@aws-sdk/credential-provider-login': [ '3.972.63' ],
256 silly audit   '@aws-sdk/nested-clients': [ '3.997.31' ],
256 silly audit   '@aws-sdk/token-providers': [ '3.1083.0' ],
256 silly audit   buffer: [ '5.6.0' ],
256 silly audit   events: [ '3.3.0' ],
256 silly audit   'stream-browserify': [ '3.0.0' ],
256 silly audit   'base64-js': [ '1.5.1' ],
256 silly audit   ieee754: [ '1.2.1' ],
256 silly audit   'append-field': [ '1.0.0' ],
256 silly audit   busboy: [ '1.6.0' ],
256 silly audit   'concat-stream': [ '2.0.0' ],
256 silly audit   streamsearch: [ '1.1.0' ],
256 silly audit   'buffer-from': [ '1.1.2' ],
256 silly audit   'readable-stream': [ '3.6.2' ],
256 silly audit   typedarray: [ '0.0.6' ],
256 silly audit   'file-type': [ '3.9.0' ],
256 silly audit   'html-comment-regex': [ '1.1.2' ],
256 silly audit   'run-parallel': [ '1.2.0' ],
256 silly audit   string_decoder: [ '1.3.0' ],
256 silly audit   'util-deprecate': [ '1.0.2' ],
256 silly audit   'queue-microtask': [ '1.2.3' ],
256 silly audit   'safe-buffer': [ '5.2.1' ]
256 silly audit }
257 silly tarball no local data for safe-buffer@https://registry.npmjs.org/safe-buffer/-/safe-buffer-5.2.1.tgz. Extracting by manifest.
258 silly tarball no local data for queue-microtask@https://registry.npmjs.org/queue-microtask/-/queue-microtask-1.2.3.tgz. Extracting by manifest.
259 silly tarball no local data for util-deprecate@https://registry.npmjs.org/util-deprecate/-/util-deprecate-1.0.2.tgz. Extracting by manifest.
260 silly tarball no local data for string_decoder@https://registry.npmjs.org/string_decoder/-/string_decoder-1.3.0.tgz. Extracting by manifest.
261 silly tarball no local data for run-parallel@https://registry.npmjs.org/run-parallel/-/run-parallel-1.2.0.tgz. Extracting by manifest.
262 silly tarball no local data for html-comment-regex@https://registry.npmjs.org/html-comment-regex/-/html-comment-regex-1.1.2.tgz. Extracting by manifest.
263 silly tarball no local data for file-type@https://registry.npmjs.org/file-type/-/file-type-3.9.0.tgz. Extracting by manifest.
264 silly tarball no local data for typedarray@https://registry.npmjs.org/typedarray/-/typedarray-0.0.6.tgz. Extracting by manifest.
265 silly tarball no local data for readable-stream@https://registry.npmjs.org/readable-stream/-/readable-stream-3.6.2.tgz. Extracting by manifest.
266 silly tarball no local data for buffer-from@https://registry.npmjs.org/buffer-from/-/buffer-from-1.1.2.tgz. Extracting by manifest.
267 silly tarball no local data for streamsearch@https://registry.npmjs.org/streamsearch/-/streamsearch-1.1.0.tgz. Extracting by manifest.
268 silly tarball no local data for concat-stream@https://registry.npmjs.org/concat-stream/-/concat-stream-2.0.0.tgz. Extracting by manifest.
269 silly tarball no local data for busboy@https://registry.npmjs.org/busboy/-/busboy-1.6.0.tgz. Extracting by manifest.
270 silly tarball no local data for append-field@https://registry.npmjs.org/append-field/-/append-field-1.0.0.tgz. Extracting by manifest.
271 silly tarball no local data for ieee754@https://registry.npmjs.org/ieee754/-/ieee754-1.2.1.tgz. Extracting by manifest.
272 silly tarball no local data for base64-js@https://registry.npmjs.org/base64-js/-/base64-js-1.5.1.tgz. Extracting by manifest.
273 silly tarball no local data for stream-browserify@https://registry.npmjs.org/stream-browserify/-/stream-browserify-3.0.0.tgz. Extracting by manifest.
274 silly tarball no local data for events@https://registry.npmjs.org/events/-/events-3.3.0.tgz. Extracting by manifest.
275 silly tarball no local data for buffer@https://registry.npmjs.org/buffer/-/buffer-5.6.0.tgz. Extracting by manifest.
276 silly tarball no local data for @aws-sdk/token-providers@https://registry.npmjs.org/@aws-sdk/token-providers/-/token-providers-3.1083.0.tgz. Extracting by manifest.
277 silly tarball no local data for @aws-sdk/nested-clients@https://registry.npmjs.org/@aws-sdk/nested-clients/-/nested-clients-3.997.31.tgz. Extracting by manifest.
278 silly tarball no local data for @aws-sdk/credential-provider-login@https://registry.npmjs.org/@aws-sdk/credential-provider-login/-/credential-provider-login-3.972.63.tgz. Extracting by manifest.
279 silly tarball no local data for @smithy/credential-provider-imds@https://registry.npmjs.org/@smithy/credential-provider-imds/-/credential-provider-imds-4.4.8.tgz. Extracting by manifest.
280 silly tarball no local data for @aws-sdk/credential-provider-web-identity@https://registry.npmjs.org/@aws-sdk/credential-provider-web-identity/-/credential-provider-web-identity-3.972.63.tgz. Extracting by manifest.
281 silly tarball no local data for @aws-sdk/credential-provider-sso@https://registry.npmjs.org/@aws-sdk/credential-provider-sso/-/credential-provider-sso-3.973.1.tgz. Extracting by manifest.
282 silly tarball no local data for @aws-sdk/credential-provider-process@https://registry.npmjs.org/@aws-sdk/credential-provider-process/-/credential-provider-process-3.972.57.tgz. Extracting by manifest.
283 silly tarball no local data for @aws-sdk/credential-provider-ini@https://registry.npmjs.org/@aws-sdk/credential-provider-ini/-/credential-provider-ini-3.973.1.tgz. Extracting by manifest.
284 silly tarball no local data for @aws-sdk/credential-provider-http@https://registry.npmjs.org/@aws-sdk/credential-provider-http/-/credential-provider-http-3.972.59.tgz. Extracting by manifest.
285 silly tarball no local data for @aws-sdk/credential-provider-env@https://registry.npmjs.org/@aws-sdk/credential-provider-env/-/credential-provider-env-3.972.57.tgz. Extracting by manifest.
286 silly tarball no local data for bowser@https://registry.npmjs.org/bowser/-/bowser-2.14.1.tgz. Extracting by manifest.
287 silly tarball no local data for @smithy/signature-v4@https://registry.npmjs.org/@smithy/signature-v4/-/signature-v4-5.6.4.tgz. Extracting by manifest.
288 silly tarball no local data for @aws/lambda-invoke-store@https://registry.npmjs.org/@aws/lambda-invoke-store/-/lambda-invoke-store-0.3.0.tgz. Extracting by manifest.
289 silly tarball no local data for @aws-sdk/xml-builder@https://registry.npmjs.org/@aws-sdk/xml-builder/-/xml-builder-3.972.34.tgz. Extracting by manifest.
290 silly tarball no local data for tslib@https://registry.npmjs.org/tslib/-/tslib-2.8.1.tgz. Extracting by manifest.
291 silly tarball no local data for @smithy/types@https://registry.npmjs.org/@smithy/types/-/types-4.16.1.tgz. Extracting by manifest.
292 silly tarball no local data for @smithy/node-http-handler@https://registry.npmjs.org/@smithy/node-http-handler/-/node-http-handler-4.9.5.tgz. Extracting by manifest.
293 silly tarball no local data for @smithy/fetch-http-handler@https://registry.npmjs.org/@smithy/fetch-http-handler/-/fetch-http-handler-5.6.5.tgz. Extracting by manifest.
294 silly tarball no local data for @smithy/core@https://registry.npmjs.org/@smithy/core/-/core-3.29.3.tgz. Extracting by manifest.
295 silly tarball no local data for @aws-sdk/types@https://registry.npmjs.org/@aws-sdk/types/-/types-3.974.0.tgz. Extracting by manifest.
296 silly tarball no local data for @aws-sdk/signature-v4-multi-region@https://registry.npmjs.org/@aws-sdk/signature-v4-multi-region/-/signature-v4-multi-region-3.996.39.tgz. Extracting by manifest.
297 silly tarball no local data for @aws-sdk/middleware-sdk-s3@https://registry.npmjs.org/@aws-sdk/middleware-sdk-s3/-/middleware-sdk-s3-3.972.62.tgz. Extracting by manifest.
298 silly tarball no local data for @aws-sdk/credential-provider-node@https://registry.npmjs.org/@aws-sdk/credential-provider-node/-/credential-provider-node-3.972.66.tgz. Extracting by manifest.
299 silly tarball no local data for @aws-sdk/core@https://registry.npmjs.org/@aws-sdk/core/-/core-3.975.1.tgz. Extracting by manifest.
300 silly tarball no local data for @aws-sdk/checksums@https://registry.npmjs.org/@aws-sdk/checksums/-/checksums-3.1000.16.tgz. Extracting by manifest.
301 silly tarball no local data for multer-s3@https://registry.npmjs.org/multer-s3/-/multer-s3-3.0.1.tgz. Extracting by manifest.
302 silly tarball no local data for multer@https://registry.npmjs.org/multer/-/multer-2.2.0.tgz. Extracting by manifest.
303 silly tarball no local data for @aws-sdk/lib-storage@https://registry.npmjs.org/@aws-sdk/lib-storage/-/lib-storage-3.1085.0.tgz. Extracting by manifest.
304 silly tarball no local data for @aws-sdk/client-s3@https://registry.npmjs.org/@aws-sdk/client-s3/-/client-s3-3.1085.0.tgz. Extracting by manifest.
305 silly tarball no local data for mime-types@https://registry.npmjs.org/mime-types/-/mime-types-2.1.35.tgz. Extracting by manifest.
306 silly tarball no local data for mime-db@https://registry.npmjs.org/mime-db/-/mime-db-1.52.0.tgz. Extracting by manifest.
307 silly tarball no local data for media-typer@https://registry.npmjs.org/media-typer/-/media-typer-0.3.0.tgz. Extracting by manifest.
308 silly tarball no local data for type-is@https://registry.npmjs.org/type-is/-/type-is-1.6.18.tgz. Extracting by manifest.
309 http fetch POST 200 https://registry.npmjs.org/-/npm/v1/security/advisories/bulk 187ms
310 timing auditReport:getReport Completed in 191ms
311 silly audit report {}
312 timing auditReport:init Completed in 0ms
313 timing reify:audit Completed in 192ms
314 http fetch GET 200 https://registry.npmjs.org/string_decoder/-/string_decoder-1.3.0.tgz 389ms (cache miss)
315 timing reifyNode:node_modules/string_decoder Completed in 423ms
316 http fetch GET 200 https://registry.npmjs.org/util-deprecate/-/util-deprecate-1.0.2.tgz 408ms (cache miss)
317 timing reifyNode:node_modules/util-deprecate Completed in 440ms
318 http fetch GET 200 https://registry.npmjs.org/run-parallel/-/run-parallel-1.2.0.tgz 407ms (cache miss)
319 timing reifyNode:node_modules/run-parallel Completed in 441ms
320 http fetch GET 200 https://registry.npmjs.org/safe-buffer/-/safe-buffer-5.2.1.tgz 410ms (cache miss)
321 timing reifyNode:node_modules/safe-buffer Completed in 442ms
322 http fetch GET 200 https://registry.npmjs.org/queue-microtask/-/queue-microtask-1.2.3.tgz 418ms (cache miss)
323 timing reifyNode:node_modules/queue-microtask Completed in 451ms
324 http fetch GET 200 https://registry.npmjs.org/file-type/-/file-type-3.9.0.tgz 417ms (cache miss)
325 timing reifyNode:node_modules/file-type Completed in 452ms
326 http fetch GET 200 https://registry.npmjs.org/stream-browserify/-/stream-browserify-3.0.0.tgz 409ms (cache miss)
327 http fetch GET 200 https://registry.npmjs.org/@aws-sdk/credential-provider-http/-/credential-provider-http-3.972.59.tgz 407ms (cache miss)
328 http fetch GET 200 https://registry.npmjs.org/append-field/-/append-field-1.0.0.tgz 421ms (cache miss)
329 http fetch GET 200 https://registry.npmjs.org/@aws-sdk/credential-provider-login/-/credential-provider-login-3.972.63.tgz 420ms (cache miss)
330 http fetch GET 200 https://registry.npmjs.org/buffer-from/-/buffer-from-1.1.2.tgz 432ms (cache miss)
331 timing reifyNode:node_modules/buffer-from Completed in 470ms
332 http fetch GET 200 https://registry.npmjs.org/typedarray/-/typedarray-0.0.6.tgz 437ms (cache miss)
333 timing reifyNode:node_modules/append-field Completed in 471ms
334 http fetch GET 200 https://registry.npmjs.org/ieee754/-/ieee754-1.2.1.tgz 430ms (cache miss)
335 timing reifyNode:node_modules/ieee754 Completed in 472ms
336 http fetch GET 200 https://registry.npmjs.org/base64-js/-/base64-js-1.5.1.tgz 430ms (cache miss)
337 timing reifyNode:node_modules/base64-js Completed in 472ms
338 http fetch GET 200 https://registry.npmjs.org/concat-stream/-/concat-stream-2.0.0.tgz 434ms (cache miss)
339 timing reifyNode:node_modules/concat-stream Completed in 473ms
340 http fetch GET 200 https://registry.npmjs.org/buffer/-/buffer-5.6.0.tgz 430ms (cache miss)
341 http fetch GET 200 https://registry.npmjs.org/html-comment-regex/-/html-comment-regex-1.1.2.tgz 441ms (cache miss)
342 timing reifyNode:node_modules/html-comment-regex Completed in 475ms
343 http fetch GET 200 https://registry.npmjs.org/@aws-sdk/lib-storage/-/lib-storage-3.1085.0.tgz 420ms (cache miss)
344 timing reifyNode:node_modules/typedarray Completed in 481ms
345 http fetch GET 200 https://registry.npmjs.org/@aws-sdk/token-providers/-/token-providers-3.1083.0.tgz 438ms (cache miss)
346 timing reifyNode:node_modules/buffer Completed in 488ms
347 http fetch GET 200 https://registry.npmjs.org/media-typer/-/media-typer-0.3.0.tgz 432ms (cache miss)
348 timing reifyNode:node_modules/multer/node_modules/media-typer Completed in 492ms
349 http fetch GET 200 https://registry.npmjs.org/type-is/-/type-is-1.6.18.tgz 432ms (cache miss)
350 timing reifyNode:node_modules/multer/node_modules/type-is Completed in 492ms
351 http fetch GET 200 https://registry.npmjs.org/@aws/lambda-invoke-store/-/lambda-invoke-store-0.3.0.tgz 448ms (cache miss)
352 http fetch GET 200 https://registry.npmjs.org/@aws-sdk/signature-v4-multi-region/-/signature-v4-multi-region-3.996.39.tgz 445ms (cache miss)
353 timing reifyNode:node_modules/stream-browserify Completed in 502ms
354 http fetch GET 200 https://registry.npmjs.org/@aws-sdk/credential-provider-env/-/credential-provider-env-3.972.57.tgz 457ms (cache miss)
355 timing reifyNode:node_modules/@aws/lambda-invoke-store Completed in 513ms
356 http fetch GET 200 https://registry.npmjs.org/multer/-/multer-2.2.0.tgz 464ms (cache miss)
357 http fetch GET 200 https://registry.npmjs.org/multer-s3/-/multer-s3-3.0.1.tgz 464ms (cache miss)
358 http fetch GET 200 https://registry.npmjs.org/mime-types/-/mime-types-2.1.35.tgz 465ms (cache miss)
359 timing reifyNode:node_modules/multer/node_modules/mime-types Completed in 523ms
360 http fetch GET 200 https://registry.npmjs.org/streamsearch/-/streamsearch-1.1.0.tgz 487ms (cache miss)
361 timing reifyNode:node_modules/streamsearch Completed in 526ms
362 timing reifyNode:node_modules/@aws-sdk/credential-provider-env Completed in 527ms
363 timing reifyNode:node_modules/@aws-sdk/credential-provider-login Completed in 539ms
364 http fetch GET 200 https://registry.npmjs.org/@aws-sdk/credential-provider-web-identity/-/credential-provider-web-identity-3.972.63.tgz 493ms (cache miss)
365 timing reifyNode:node_modules/multer Completed in 539ms
366 timing reifyNode:node_modules/multer-s3 Completed in 540ms
367 http fetch GET 200 https://registry.npmjs.org/tslib/-/tslib-2.8.1.tgz 499ms (cache miss)
368 timing reifyNode:node_modules/@aws-sdk/credential-provider-web-identity Completed in 557ms
369 http fetch GET 200 https://registry.npmjs.org/@aws-sdk/credential-provider-process/-/credential-provider-process-3.972.57.tgz 518ms (cache miss)
370 http fetch GET 200 https://registry.npmjs.org/@smithy/fetch-http-handler/-/fetch-http-handler-5.6.5.tgz 514ms (cache miss)
371 timing reifyNode:node_modules/tslib Completed in 570ms
372 timing reifyNode:node_modules/@aws-sdk/signature-v4-multi-region Completed in 570ms
373 timing reifyNode:node_modules/@aws-sdk/credential-provider-process Completed in 579ms
374 timing reifyNode:node_modules/@smithy/fetch-http-handler Completed in 580ms
375 http fetch GET 200 https://registry.npmjs.org/@aws-sdk/credential-provider-node/-/credential-provider-node-3.972.66.tgz 535ms (cache miss)
376 http fetch GET 200 https://registry.npmjs.org/mime-db/-/mime-db-1.52.0.tgz 533ms (cache miss)
377 timing reifyNode:node_modules/multer/node_modules/mime-db Completed in 593ms
378 timing reifyNode:node_modules/@aws-sdk/credential-provider-node Completed in 603ms
379 http fetch GET 200 https://registry.npmjs.org/readable-stream/-/readable-stream-3.6.2.tgz 572ms (cache miss)
380 http fetch GET 200 https://registry.npmjs.org/bowser/-/bowser-2.14.1.tgz 569ms (cache miss)
381 timing reifyNode:node_modules/readable-stream Completed in 621ms
382 http fetch GET 200 https://registry.npmjs.org/@aws-sdk/credential-provider-sso/-/credential-provider-sso-3.973.1.tgz 578ms (cache miss)
383 http fetch GET 200 https://registry.npmjs.org/events/-/events-3.3.0.tgz 585ms (cache miss)
384 timing reifyNode:node_modules/bowser Completed in 628ms
385 http fetch GET 200 https://registry.npmjs.org/@aws-sdk/xml-builder/-/xml-builder-3.972.34.tgz 579ms (cache miss)
386 timing reifyNode:node_modules/@aws-sdk/credential-provider-sso Completed in 633ms
387 http fetch GET 200 https://registry.npmjs.org/@aws-sdk/credential-provider-ini/-/credential-provider-ini-3.973.1.tgz 587ms (cache miss)
388 timing reifyNode:node_modules/events Completed in 636ms
389 timing reifyNode:node_modules/@aws-sdk/xml-builder Completed in 637ms
390 timing reifyNode:node_modules/@aws-sdk/token-providers Completed in 645ms
391 timing reifyNode:node_modules/@aws-sdk/credential-provider-ini Completed in 645ms
392 timing reifyNode:node_modules/@aws-sdk/credential-provider-http Completed in 653ms
393 http fetch GET 200 https://registry.npmjs.org/busboy/-/busboy-1.6.0.tgz 637ms (cache miss)
394 timing reifyNode:node_modules/busboy Completed in 677ms
395 timing reifyNode:node_modules/@aws-sdk/lib-storage Completed in 714ms
396 http fetch GET 200 https://registry.npmjs.org/@smithy/signature-v4/-/signature-v4-5.6.4.tgz 672ms (cache miss)
397 timing reifyNode:node_modules/@smithy/signature-v4 Completed in 726ms
398 http fetch GET 200 https://registry.npmjs.org/@smithy/node-http-handler/-/node-http-handler-4.9.5.tgz 690ms (cache miss)
399 timing reifyNode:node_modules/@smithy/node-http-handler Completed in 746ms
400 http fetch GET 200 https://registry.npmjs.org/@smithy/credential-provider-imds/-/credential-provider-imds-4.4.8.tgz 712ms (cache miss)
401 timing reifyNode:node_modules/@smithy/credential-provider-imds Completed in 761ms
402 http fetch GET 200 https://registry.npmjs.org/@aws-sdk/types/-/types-3.974.0.tgz 785ms (cache miss)
403 timing reifyNode:node_modules/@aws-sdk/types Completed in 840ms
404 http fetch GET 200 https://registry.npmjs.org/@aws-sdk/checksums/-/checksums-3.1000.16.tgz 929ms (cache miss)
405 timing reifyNode:node_modules/@aws-sdk/checksums Completed in 988ms
406 http fetch GET 200 https://registry.npmjs.org/@smithy/types/-/types-4.16.1.tgz 975ms (cache miss)
407 timing reifyNode:node_modules/@smithy/types Completed in 1027ms
408 http fetch GET 200 https://registry.npmjs.org/@aws-sdk/middleware-sdk-s3/-/middleware-sdk-s3-3.972.62.tgz 1076ms (cache miss)
409 timing reifyNode:node_modules/@aws-sdk/middleware-sdk-s3 Completed in 1134ms
410 http fetch GET 200 https://registry.npmjs.org/@aws-sdk/core/-/core-3.975.1.tgz 1259ms (cache miss)
411 timing reifyNode:node_modules/@aws-sdk/core Completed in 1313ms
412 http fetch GET 200 https://registry.npmjs.org/@aws-sdk/client-s3/-/client-s3-3.1085.0.tgz 1266ms (cache miss)
413 timing reifyNode:node_modules/@aws-sdk/client-s3 Completed in 1324ms
414 http fetch GET 200 https://registry.npmjs.org/@aws-sdk/nested-clients/-/nested-clients-3.997.31.tgz 1416ms (cache miss)
415 timing reifyNode:node_modules/@aws-sdk/nested-clients Completed in 1463ms
416 http fetch GET 200 https://registry.npmjs.org/@smithy/core/-/core-3.29.3.tgz 1899ms (cache miss)
417 timing reifyNode:node_modules/@smithy/core Completed in 1950ms
418 timing reify:unpack Completed in 1955ms
419 timing reify:unretire Completed in 0ms
420 timing build:queue Completed in 3ms
421 timing build:deps Completed in 4ms
422 timing build Completed in 4ms
423 timing reify:build Completed in 5ms
424 timing reify:trash Completed in 0ms
425 timing reify:save Completed in 62ms
426 timing reify Completed in 3378ms
427 silly ADD node_modules/safe-buffer
428 silly ADD node_modules/queue-microtask
429 silly ADD node_modules/util-deprecate
430 silly ADD node_modules/string_decoder
431 silly ADD node_modules/run-parallel
432 silly ADD node_modules/html-comment-regex
433 silly ADD node_modules/file-type
434 silly ADD node_modules/typedarray
435 silly ADD node_modules/readable-stream
436 silly ADD node_modules/buffer-from
437 silly ADD node_modules/streamsearch
438 silly ADD node_modules/concat-stream
439 silly ADD node_modules/busboy
440 silly ADD node_modules/append-field
441 silly ADD node_modules/ieee754
442 silly ADD node_modules/base64-js
443 silly ADD node_modules/stream-browserify
444 silly ADD node_modules/events
445 silly ADD node_modules/buffer
446 silly ADD node_modules/@aws-sdk/token-providers
447 silly ADD node_modules/@aws-sdk/nested-clients
448 silly ADD node_modules/@aws-sdk/credential-provider-login
449 silly ADD node_modules/@smithy/credential-provider-imds
450 silly ADD node_modules/@aws-sdk/credential-provider-web-identity
451 silly ADD node_modules/@aws-sdk/credential-provider-sso
452 silly ADD node_modules/@aws-sdk/credential-provider-process
453 silly ADD node_modules/@aws-sdk/credential-provider-ini
454 silly ADD node_modules/@aws-sdk/credential-provider-http
455 silly ADD node_modules/@aws-sdk/credential-provider-env
456 silly ADD node_modules/bowser
457 silly ADD node_modules/@smithy/signature-v4
458 silly ADD node_modules/@aws/lambda-invoke-store
459 silly ADD node_modules/@aws-sdk/xml-builder
460 silly ADD node_modules/tslib
461 silly ADD node_modules/@smithy/types
462 silly ADD node_modules/@smithy/node-http-handler
463 silly ADD node_modules/@smithy/fetch-http-handler
464 silly ADD node_modules/@smithy/core
465 silly ADD node_modules/@aws-sdk/types
466 silly ADD node_modules/@aws-sdk/signature-v4-multi-region
467 silly ADD node_modules/@aws-sdk/middleware-sdk-s3
468 silly ADD node_modules/@aws-sdk/credential-provider-node
469 silly ADD node_modules/@aws-sdk/core
470 silly ADD node_modules/@aws-sdk/checksums
471 silly ADD node_modules/multer-s3
472 silly ADD node_modules/multer
473 silly ADD node_modules/multer/node_modules/mime-db
474 silly ADD node_modules/multer/node_modules/mime-types
475 silly ADD node_modules/multer/node_modules/media-typer
476 silly ADD node_modules/multer/node_modules/type-is
477 silly ADD node_modules/@aws-sdk/lib-storage
478 silly ADD node_modules/@aws-sdk/client-s3
479 timing command:install Completed in 3390ms
480 verbose exit 0
481 timing npm Completed in 3468ms
482 info ok
